<html>
<body>
<pre>
<h1>µVision Build Log</h1>
<h2>Tool Versions:</h2>
IDE-Version: ¦ÌVision V5.28.0.0
Copyright (C) 2019 ARM Ltd and ARM Germany GmbH. All rights reserved.
License Information: 0 0, 0, LIC=MPPLD-8NEJR-LQC0Q-NDEIZ-ZRP7T-4JX3U
 
Tool Versions:
Toolchain:       MDK-ARM Plus  Version: 5.28.0.0
Toolchain Path:  C:\Keil_v5\ARM\ARMCC\Bin
C Compiler:      Armcc.exe V5.06 update 6 (build 750)
Assembler:       Armasm.exe V5.06 update 6 (build 750)
Linker/Locator:  ArmLink.exe V5.06 update 6 (build 750)
Library Manager: ArmAr.exe V5.06 update 6 (build 750)
Hex Converter:   FromElf.exe V5.06 update 6 (build 750)
CPU DLL:         SARMCM3.DLL V5.28.0.0
Dialog DLL:      DCM.DLL V1.17.3.0
Target DLL:      UL2CM3.DLL V1.162.16.0
Dialog DLL:      TCM.DLL V1.36.2.0
 
<h2>Project:</h2>
E:\Files.packs\tly.Demo\STM_Demo\Demo_f103\ucosiii_demo.stm32f1\Project\demo.uvprojx
Project File Date:  06/15/2022

<h2>Output:</h2>
*** Using Compiler 'V5.06 update 6 (build 750)', folder: 'C:\Keil_v5\ARM\ARMCC\Bin'
Rebuild target 'Target 1'
assembling startup_stm32f10x_hd.s...
compiling core_cm3.c...
compiling stm32f10x_cec.c...
compiling stm32f10x_adc.c...
compiling misc.c...
compiling stm32f10x_crc.c...
compiling stm32f10x_bkp.c...
compiling stm32f10x_can.c...
compiling stm32f10x_dac.c...
compiling stm32f10x_dbgmcu.c...
compiling stm32f10x_exti.c...
compiling stm32f10x_i2c.c...
compiling stm32f10x_flash.c...
compiling stm32f10x_gpio.c...
compiling stm32f10x_dma.c...
compiling stm32f10x_fsmc.c...
compiling stm32f10x_pwr.c...
compiling stm32f10x_iwdg.c...
compiling stm32f10x_spi.c...
compiling stm32f10x_rtc.c...
compiling stm32f10x_sdio.c...
compiling stm32f10x_rcc.c...
compiling stm32f10x_tim.c...
compiling stm32f10x_it.c...
compiling stm32f10x_usart.c...
compiling stm32f10x_wwdg.c...
compiling sys.c...
compiling usart.c...
compiling main.c...
compiling delay.c...
assembling cpu_a.asm...
compiling cpu_core.c...
compiling cpu_c.c...
compiling user_led.c...
compiling lib_ascii.c...
compiling system_stm32f10x.c...
compiling bsp.c...
compiling lib_math.c...
assembling lib_mem_a.asm...
compiling os_cfg_app.c...
compiling lib_mem.c...
compiling os_core.c...
compiling os_dbg.c...
compiling lib_str.c...
compiling os_int.c...
compiling os_mem.c...
compiling os_flag.c...
compiling os_msg.c...
compiling os_mutex.c...
compiling os_pend_multi.c...
compiling os_prio.c...
compiling os_q.c...
compiling os_stat.c...
compiling os_sem.c...
assembling os_cpu_a.s...
compiling os_var.c...
compiling os_tick.c...
compiling os_time.c...
compiling os_tmr.c...
compiling os_cpu_c.c...
compiling os_task.c...
compiling os_app_hooks.c...
linking...
Program Size: Code=25704 RO-data=1040 RW-data=272 ZI-data=13240  
FromELF: creating hex file...
"..\Objects\demo.axf" - 0 Error(s), 0 Warning(s).

<h2>Software Packages used:</h2>

Package Vendor: Keil
                http://www.keil.com/pack/Keil.STM32F1xx_DFP.2.3.0.pack
                Keil.STM32F1xx_DFP.2.3.0
                STMicroelectronics STM32F1 Series Device Support, Drivers and Examples

<h2>Collection of Component include folders:</h2>
  .\RTE\_Target_1
  C:\Keil_v5\Arm\Packs\Keil\STM32F1xx_DFP\2.3.0\Device\Include

<h2>Collection of Component Files used:</h2>
Build Time Elapsed:  00:00:15
</pre>
</body>
</html>
