Component: ARM Compiler 5.06 update 6 (build 750) Tool: armlink [4d35ed]

==============================================================================

Section Cross References

    startup_stm32f10x_hd.o(STACK) refers (Special) to heapauxi.o(.text) for __use_two_region_memory
    startup_stm32f10x_hd.o(HEAP) refers (Special) to heapauxi.o(.text) for __use_two_region_memory
    startup_stm32f10x_hd.o(RESET) refers (Special) to heapauxi.o(.text) for __use_two_region_memory
    startup_stm32f10x_hd.o(RESET) refers to startup_stm32f10x_hd.o(STACK) for __initial_sp
    startup_stm32f10x_hd.o(RESET) refers to startup_stm32f10x_hd.o(.text) for Reset_Handler
    startup_stm32f10x_hd.o(RESET) refers to stm32f10x_it.o(i.NMI_Handler) for NMI_Handler
    startup_stm32f10x_hd.o(RESET) refers to stm32f10x_it.o(i.HardFault_Handler) for HardFault_Handler
    startup_stm32f10x_hd.o(RESET) refers to stm32f10x_it.o(i.MemManage_Handler) for MemManage_Handler
    startup_stm32f10x_hd.o(RESET) refers to stm32f10x_it.o(i.BusFault_Handler) for BusFault_Handler
    startup_stm32f10x_hd.o(RESET) refers to stm32f10x_it.o(i.UsageFault_Handler) for UsageFault_Handler
    startup_stm32f10x_hd.o(RESET) refers to stm32f10x_it.o(i.SVC_Handler) for SVC_Handler
    startup_stm32f10x_hd.o(RESET) refers to stm32f10x_it.o(i.DebugMon_Handler) for DebugMon_Handler
    startup_stm32f10x_hd.o(RESET) refers to os_cpu_a.o(CODE) for PendSV_Handler
    startup_stm32f10x_hd.o(RESET) refers to delay.o(i.SysTick_Handler) for SysTick_Handler
    startup_stm32f10x_hd.o(RESET) refers to usart.o(i.USART1_IRQHandler) for USART1_IRQHandler
    startup_stm32f10x_hd.o(.text) refers (Special) to heapauxi.o(.text) for __use_two_region_memory
    startup_stm32f10x_hd.o(.text) refers to system_stm32f10x.o(i.SystemInit) for SystemInit
    startup_stm32f10x_hd.o(.text) refers to __main.o(!!!main) for __main
    startup_stm32f10x_hd.o(.text) refers to startup_stm32f10x_hd.o(HEAP) for Heap_Mem
    startup_stm32f10x_hd.o(.text) refers to startup_stm32f10x_hd.o(STACK) for Stack_Mem
    stm32f10x_adc.o(i.ADC_DeInit) refers to stm32f10x_rcc.o(i.RCC_APB2PeriphResetCmd) for RCC_APB2PeriphResetCmd
    stm32f10x_bkp.o(i.BKP_DeInit) refers to stm32f10x_rcc.o(i.RCC_BackupResetCmd) for RCC_BackupResetCmd
    stm32f10x_can.o(i.CAN_DeInit) refers to stm32f10x_rcc.o(i.RCC_APB1PeriphResetCmd) for RCC_APB1PeriphResetCmd
    stm32f10x_can.o(i.CAN_GetITStatus) refers to stm32f10x_can.o(i.CheckITStatus) for CheckITStatus
    stm32f10x_cec.o(i.CEC_DeInit) refers to stm32f10x_rcc.o(i.RCC_APB1PeriphResetCmd) for RCC_APB1PeriphResetCmd
    stm32f10x_dac.o(i.DAC_DeInit) refers to stm32f10x_rcc.o(i.RCC_APB1PeriphResetCmd) for RCC_APB1PeriphResetCmd
    stm32f10x_flash.o(i.FLASH_EnableWriteProtection) refers to stm32f10x_flash.o(i.FLASH_WaitForLastOperation) for FLASH_WaitForLastOperation
    stm32f10x_flash.o(i.FLASH_EraseAllBank1Pages) refers to stm32f10x_flash.o(i.FLASH_WaitForLastBank1Operation) for FLASH_WaitForLastBank1Operation
    stm32f10x_flash.o(i.FLASH_EraseAllPages) refers to stm32f10x_flash.o(i.FLASH_WaitForLastOperation) for FLASH_WaitForLastOperation
    stm32f10x_flash.o(i.FLASH_EraseOptionBytes) refers to stm32f10x_flash.o(i.FLASH_GetReadOutProtectionStatus) for FLASH_GetReadOutProtectionStatus
    stm32f10x_flash.o(i.FLASH_EraseOptionBytes) refers to stm32f10x_flash.o(i.FLASH_WaitForLastOperation) for FLASH_WaitForLastOperation
    stm32f10x_flash.o(i.FLASH_ErasePage) refers to stm32f10x_flash.o(i.FLASH_WaitForLastOperation) for FLASH_WaitForLastOperation
    stm32f10x_flash.o(i.FLASH_ProgramHalfWord) refers to stm32f10x_flash.o(i.FLASH_WaitForLastOperation) for FLASH_WaitForLastOperation
    stm32f10x_flash.o(i.FLASH_ProgramOptionByteData) refers to stm32f10x_flash.o(i.FLASH_WaitForLastOperation) for FLASH_WaitForLastOperation
    stm32f10x_flash.o(i.FLASH_ProgramWord) refers to stm32f10x_flash.o(i.FLASH_WaitForLastOperation) for FLASH_WaitForLastOperation
    stm32f10x_flash.o(i.FLASH_ReadOutProtection) refers to stm32f10x_flash.o(i.FLASH_WaitForLastOperation) for FLASH_WaitForLastOperation
    stm32f10x_flash.o(i.FLASH_UserOptionByteConfig) refers to stm32f10x_flash.o(i.FLASH_WaitForLastOperation) for FLASH_WaitForLastOperation
    stm32f10x_flash.o(i.FLASH_WaitForLastBank1Operation) refers to stm32f10x_flash.o(i.FLASH_GetBank1Status) for FLASH_GetBank1Status
    stm32f10x_flash.o(i.FLASH_WaitForLastOperation) refers to stm32f10x_flash.o(i.FLASH_GetBank1Status) for FLASH_GetBank1Status
    stm32f10x_gpio.o(i.GPIO_AFIODeInit) refers to stm32f10x_rcc.o(i.RCC_APB2PeriphResetCmd) for RCC_APB2PeriphResetCmd
    stm32f10x_gpio.o(i.GPIO_DeInit) refers to stm32f10x_rcc.o(i.RCC_APB2PeriphResetCmd) for RCC_APB2PeriphResetCmd
    stm32f10x_i2c.o(i.I2C_DeInit) refers to stm32f10x_rcc.o(i.RCC_APB1PeriphResetCmd) for RCC_APB1PeriphResetCmd
    stm32f10x_i2c.o(i.I2C_Init) refers to stm32f10x_rcc.o(i.RCC_GetClocksFreq) for RCC_GetClocksFreq
[...]
    .data                                    0x2000010c   Section        4  os_cpu_c.o(.data)
    .bss                                     0x20000110   Section      200  usart.o(.bss)
    .bss                                     0x200001d8   Section     4368  main.o(.bss)
    .bss                                     0x200012e8   Section       16  cpu_core.o(.bss)
    .bss                                     0x200012f8   Section     5264  os_cfg_app.o(.bss)
    .bss                                     0x20002788   Section     1760  os_var.o(.bss)
    .bss                                     0x20002e68   Section       96  libspace.o(.bss)
    HEAP                                     0x20002ec8   Section      512  startup_stm32f10x_hd.o(HEAP)
    Heap_Mem                                 0x20002ec8   Data         512  startup_stm32f10x_hd.o(HEAP)
    STACK                                    0x200030c8   Section     1024  startup_stm32f10x_hd.o(STACK)
    Stack_Mem                                0x200030c8   Data        1024  startup_stm32f10x_hd.o(STACK)
    __initial_sp                             0x200034c8   Data           0  startup_stm32f10x_hd.o(STACK)

    Global Symbols

    Symbol Name                              Value     Ov Type        Size  Object(Section)

    BuildAttributes$$THM_ISAv4$P$D$K$B$S$PE$A:L22UL41UL21$X:L11$S22US41US21$IEEE1$IW$USESV6$~STKCKD$USESV7$~SHL$OTIME$ROPI$IEEEJ$EBA8$UX$STANDARDLIB$REQ8$PRES8$EABIv2 0x00000000   Number         0  anon$$obj.o ABSOLUTE
    __ARM_use_no_argv                        0x00000000   Number         0  main.o ABSOLUTE
    _printf_flags                            0x00000000   Number         0  printf_stubs.o ABSOLUTE
    _printf_return_value                     0x00000000   Number         0  printf_stubs.o ABSOLUTE
    _printf_sizespec                         0x00000000   Number         0  printf_stubs.o ABSOLUTE
    _printf_widthprec                        0x00000000   Number         0  printf_stubs.o ABSOLUTE
    __ARM_exceptions_init                     - Undefined Weak Reference
    __alloca_initialize                       - Undefined Weak Reference
    __arm_preinit_                            - Undefined Weak Reference
    __cpp_initialize__aeabi_                  - Undefined Weak Reference
    __cxa_finalize                            - Undefined Weak Reference
    __sigvec_lookup                           - Undefined Weak Reference
    _atexit_init                              - Undefined Weak Reference
    _call_atexit_fns                          - Undefined Weak Reference
    _clock_init                               - Undefined Weak Reference
    _fp_trap_init                             - Undefined Weak Reference
    _fp_trap_shutdown                         - Undefined Weak Reference
    _get_lc_collate                           - Undefined Weak Reference
    _get_lc_ctype                             - Undefined Weak Reference
    _get_lc_monetary                          - Undefined Weak Reference
    _get_lc_time                              - Undefined Weak Reference
    _getenv_init                              - Undefined Weak Reference
    _handle_redirection                       - Undefined Weak Reference
    _init_alloc                               - Undefined Weak Reference
    _init_user_alloc                          - Undefined Weak Reference
    _initio                                   - Undefined Weak Reference
    _mutex_acquire                            - Undefined Weak Reference
    _mutex_release                            - Undefined Weak Reference
    _printf_post_padding                      - Undefined Weak Reference
    _printf_pre_padding                       - Undefined Weak Reference
    _rand_init                                - Undefined Weak Reference
    _signal_finish                            - Undefined Weak Reference
    _signal_init                              - Undefined Weak Reference
    _terminate_alloc                          - Undefined Weak Reference
    _terminate_user_alloc                     - Undefined Weak Reference
    _terminateio                              - Undefined Weak Reference
    __Vectors_Size                           0x00000130   Number         0  startup_stm32f10x_hd.o ABSOLUTE
    __Vectors                                0x08000000   Data           4  startup_stm32f10x_hd.o(RESET)
    __Vectors_End                            0x08000130   Data           0  startup_stm32f10x_hd.o(RESET)
    __main                                   0x08000131   Thumb Code     8  __main.o(!!!main)
    __scatterload                            0x08000139   Thumb Code     0  __scatter.o(!!!scatter)
    __scatterload_rt2                        0x08000139   Thumb Code    44  __scatter.o(!!!scatter)
    __scatterload_rt2_thumb_only             0x08000139   Thumb Code     0  __scatter.o(!!!scatter)
    __scatterload_null                       0x08000147   Thumb Code     0  __scatter.o(!!!scatter)
    __scatterload_copy                       0x0800016d   Thumb Code    26  __scatter_copy.o(!!handler_copy)
    __scatterload_zeroinit                   0x08000189   Thumb Code    28  __scatter_zi.o(!!handler_zi)
    _printf_f                                0x080001a5   Thumb Code     0  _printf_f.o(.ARM.Collect$$_printf_percent$$00000003)
    _printf_percent                          0x080001a5   Thumb Code     0  _printf_percent.o(.ARM.Collect$$_printf_percent$$00000000)
    _printf_percent_end                      0x080001ab   Thumb Code     0  _printf_percent_end.o(.ARM.Collect$$_printf_percent$$00000017)
    __rt_lib_init                            0x080001af   Thumb Code     0  libinit.o(.ARM.Collect$$libinit$$00000000)
    __rt_lib_init_fp_1                       0x080001b1   Thumb Code     0  libinit2.o(.ARM.Collect$$libinit$$00000002)
    __rt_lib_init_heap_1                     0x080001b1   Thumb Code     0  libinit2.o(.ARM.Collect$$libinit$$0000000A)
    __rt_lib_init_lc_common                  0x080001b1   Thumb Code     0  libinit2.o(.ARM.Collect$$libinit$$0000000F)
    __rt_lib_init_preinit_1                  0x080001b1   Thumb Code     0  libinit2.o(.ARM.Collect$$libinit$$00000004)
    __rt_lib_init_rand_1                     0x080001b1   Thumb Code     0  libinit2.o(.ARM.Collect$$libinit$$0000000E)
    __rt_lib_init_user_alloc_1               0x080001b1   Thumb Code     0  libinit2.o(.ARM.Collect$$libinit$$0000000C)
    __rt_lib_init_lc_collate_1               0x080001b7   Thumb Code     0  libinit2.o(.ARM.Collect$$libinit$$00000011)
    __rt_lib_init_lc_ctype_1                 0x080001b7   Thumb Code     0  libinit2.o(.ARM.Collect$$libinit$$00000013)
    __rt_lib_init_lc_monetary_1              0x080001b7   Thumb Code     0  libinit2.o(.ARM.Collect$$libinit$$00000015)
    __rt_lib_init_lc_numeric_2               0x080001b7   Thumb Code     0  libinit2.o(.ARM.Collect$$libinit$$00000016)
    __rt_lib_init_alloca_1                   0x080001c1   Thumb Code     0  libinit2.o(.ARM.Collect$$libinit$$0000002E)
    __rt_lib_init_argv_1                     0x080001c1   Thumb Code     0  libinit2.o(.ARM.Collect$$libinit$$0000002C)
    __rt_lib_init_atexit_1                   0x080001c1   Thumb Code     0  libinit2.o(.ARM.Collect$$libinit$$0000001B)
    __rt_lib_init_clock_1                    0x080001c1   Thumb Code     0  libinit2.o(.ARM.Collect$$libinit$$00000021)
    __rt_lib_init_cpp_1                      0x080001c1   Thumb Code     0  libinit2.o(.ARM.Collect$$libinit$$00000032)
    __rt_lib_init_exceptions_1               0x080001c1   Thumb Code     0  libinit2.o(.ARM.Collect$$libinit$$00000030)
    __rt_lib_init_fp_trap_1                  0x080001c1   Thumb Code     0  libinit2.o(.ARM.Collect$$libinit$$0000001F)
    __rt_lib_init_getenv_1                   0x080001c1   Thumb Code     0  libinit2.o(.ARM.Collect$$libinit$$00000023)
    __rt_lib_init_lc_numeric_1               0x080001c1   Thumb Code     0  libinit2.o(.ARM.Collect$$libinit$$00000017)
    __rt_lib_init_lc_time_1                  0x080001c1   Thumb Code     0  libinit2.o(.ARM.Collect$$libinit$$00000019)
    __rt_lib_init_return                     0x080001c1   Thumb Code     0  libinit2.o(.ARM.Collect$$libinit$$00000033)
    __rt_lib_init_signal_1                   0x080001c1   Thumb Code     0  libinit2.o(.ARM.Collect$$libinit$$0000001D)
    __rt_lib_init_stdio_1                    0x080001c1   Thumb Code     0  libinit2.o(.ARM.Collect$$libinit$$00000025)
    __rt_lib_shutdown                        0x080001c3   Thumb Code     0  libshutdown.o(.ARM.Collect$$libshutdown$$00000000)
    __rt_lib_shutdown_cpp_1                  0x080001c5   Thumb Code     0  libshutdown2.o(.ARM.Collect$$libshutdown$$00000002)
    __rt_lib_shutdown_fp_trap_1              0x080001c5   Thumb Code     0  libshutdown2.o(.ARM.Collect$$libshutdown$$00000007)
    __rt_lib_shutdown_heap_1                 0x080001c5   Thumb Code     0  libshutdown2.o(.ARM.Collect$$libshutdown$$0000000F)
    __rt_lib_shutdown_return                 0x080001c5   Thumb Code     0  libshutdown2.o(.ARM.Collect$$libshutdown$$00000010)
    __rt_lib_shutdown_signal_1               0x080001c5   Thumb Code     0  libshutdown2.o(.ARM.Collect$$libshutdown$$0000000A)
    __rt_lib_shutdown_stdio_1                0x080001c5   Thumb Code     0  libshutdown2.o(.ARM.Collect$$libshutdown$$00000004)
    __rt_lib_shutdown_user_alloc_1           0x080001c5   Thumb Code     0  libshutdown2.o(.ARM.Collect$$libshutdown$$0000000C)
    __rt_entry                               0x080001c7   Thumb Code     0  __rtentry.o(.ARM.Collect$$rtentry$$00000000)
    __rt_entry_presh_1                       0x080001c7   Thumb Code     0  __rtentry2.o(.ARM.Collect$$rtentry$$00000002)
    __rt_entry_sh                            0x080001c7   Thumb Code     0  __rtentry4.o(.ARM.Collect$$rtentry$$00000004)
    __rt_entry_li                            0x080001cd   Thumb Code     0  __rtentry2.o(.ARM.Collect$$rtentry$$0000000A)
    __rt_entry_postsh_1                      0x080001cd   Thumb Code     0  __rtentry2.o(.ARM.Collect$$rtentry$$00000009)
    __rt_entry_main                          0x080001d1   Thumb Code     0  __rtentry2.o(.ARM.Collect$$rtentry$$0000000D)
    __rt_entry_postli_1                      0x080001d1   Thumb Code     0  __rtentry2.o(.ARM.Collect$$rtentry$$0000000C)
    __rt_exit                                0x080001d9   Thumb Code     0  rtexit.o(.ARM.Collect$$rtexit$$00000000)
    __rt_exit_ls                             0x080001db   Thumb Code     0  rtexit2.o(.ARM.Collect$$rtexit$$00000003)
    __rt_exit_prels_1                        0x080001db   Thumb Code     0  rtexit2.o(.ARM.Collect$$rtexit$$00000002)
    __rt_exit_exit                           0x080001df   Thumb Code     0  rtexit2.o(.ARM.Collect$$rtexit$$00000004)
    Reset_Handler                            0x080001e5   Thumb Code     8  startup_stm32f10x_hd.o(.text)
    ADC1_2_IRQHandler                        0x080001ff   Thumb Code     0  startup_stm32f10x_hd.o(.text)
    ADC3_IRQHandler                          0x080001ff   Thumb Code     0  startup_stm32f10x_hd.o(.text)
    CAN1_RX1_IRQHandler                      0x080001ff   Thumb Code     0  startup_stm32f10x_hd.o(.text)
    CAN1_SCE_IRQHandler                      0x080001ff   Thumb Code     0  startup_stm32f10x_hd.o(.text)
    DMA1_Channel1_IRQHandler                 0x080001ff   Thumb Code     0  startup_stm32f10x_hd.o(.text)
    DMA1_Channel2_IRQHandler                 0x080001ff   Thumb Code     0  startup_stm32f10x_hd.o(.text)
    DMA1_Channel3_IRQHandler                 0x080001ff   Thumb Code     0  startup_stm32f10x_hd.o(.text)
    DMA1_Channel4_IRQHandler                 0x080001ff   Thumb Code     0  startup_stm32f10x_hd.o(.text)
    DMA1_Channel5_IRQHandler                 0x080001ff   Thumb Code     0  startup_stm32f10x_hd.o(.text)
    DMA1_Channel6_IRQHandler                 0x080001ff   Thumb Code     0  startup_stm32f10x_hd.o(.text)
    DMA1_Channel7_IRQHandler                 0x080001ff   Thumb Code     0  startup_stm32f10x_hd.o(.text)
    DMA2_Channel1_IRQHandler                 0x080001ff   Thumb Code     0  startup_stm32f10x_hd.o(.text)
    DMA2_Channel2_IRQHandler                 0x080001ff   Thumb Code     0  startup_stm32f10x_hd.o(.text)
    DMA2_Channel3_IRQHandler                 0x080001ff   Thumb Code     0  startup_stm32f10x_hd.o(.text)
    DMA2_Channel4_5_IRQHandler               0x080001ff   Thumb Code     0  startup_stm32f10x_hd.o(.text)
    EXTI0_IRQHandler                         0x080001ff   Thumb Code     0  startup_stm32f10x_hd.o(.text)
    EXTI15_10_IRQHandler                     0x080001ff   Thumb Code     0  startup_stm32f10x_hd.o(.text)
    EXTI1_IRQHandler                         0x080001ff   Thumb Code     0  startup_stm32f10x_hd.o(.text)
    EXTI2_IRQHandler                         0x080001ff   Thumb Code     0  startup_stm32f10x_hd.o(.text)
    EXTI3_IRQHandler                         0x080001ff   Thumb Code     0  startup_stm32f10x_hd.o(.text)
    EXTI4_IRQHandler                         0x080001ff   Thumb Code     0  startup_stm32f10x_hd.o(.text)
    EXTI9_5_IRQHandler                       0x080001ff   Thumb Code     0  startup_stm32f10x_hd.o(.text)
    FLASH_IRQHandler                         0x080001ff   Thumb Code     0  startup_stm32f10x_hd.o(.text)
    FSMC_IRQHandler                          0x080001ff   Thumb Code     0  startup_stm32f10x_hd.o(.text)
    I2C1_ER_IRQHandler                       0x080001ff   Thumb Code     0  startup_stm32f10x_hd.o(.text)
    I2C1_EV_IRQHandler                       0x080001ff   Thumb Code     0  startup_stm32f10x_hd.o(.text)
    I2C2_ER_IRQHandler                       0x080001ff   Thumb Code     0  startup_stm32f10x_hd.o(.text)
    I2C2_EV_IRQHandler                       0x080001ff   Thumb Code     0  startup_stm32f10x_hd.o(.text)
    PVD_IRQHandler                           0x080001ff   Thumb Code     0  startup_stm32f10x_hd.o(.text)
    RCC_IRQHandler                           0x080001ff   Thumb Code     0  startup_stm32f10x_hd.o(.text)
    RTCAlarm_IRQHandler                      0x080001ff   Thumb Code     0  startup_stm32f10x_hd.o(.text)
    RTC_IRQHandler                           0x080001ff   Thumb Code     0  startup_stm32f10x_hd.o(.text)
    SDIO_IRQHandler                          0x080001ff   Thumb Code     0  startup_stm32f10x_hd.o(.text)
    SPI1_IRQHandler                          0x080001ff   Thumb Code     0  startup_stm32f10x_hd.o(.text)
    SPI2_IRQHandler                          0x080001ff   Thumb Code     0  startup_stm32f10x_hd.o(.text)
    SPI3_IRQHandler                          0x080001ff   Thumb Code     0  startup_stm32f10x_hd.o(.text)
    TAMPER_IRQHandler                        0x080001ff   Thumb Code     0  startup_stm32f10x_hd.o(.text)
    TIM1_BRK_IRQHandler                      0x080001ff   Thumb Code     0  startup_stm32f10x_hd.o(.text)
    TIM1_CC_IRQHandler                       0x080001ff   Thumb Code     0  startup_stm32f10x_hd.o(.text)
    TIM1_TRG_COM_IRQHandler                  0x080001ff   Thumb Code     0  startup_stm32f10x_hd.o(.text)
    TIM1_UP_IRQHandler                       0x080001ff   Thumb Code     0  startup_stm32f10x_hd.o(.text)
    TIM2_IRQHandler                          0x080001ff   Thumb Code     0  startup_stm32f10x_hd.o(.text)
    TIM3_IRQHandler                          0x080001ff   Thumb Code     0  startup_stm32f10x_hd.o(.text)
    TIM4_IRQHandler                          0x080001ff   Thumb Code     0  startup_stm32f10x_hd.o(.text)
    TIM5_IRQHandler                          0x080001ff   Thumb Code     0  startup_stm32f10x_hd.o(.text)
    TIM6_IRQHandler                          0x080001ff   Thumb Code     0  startup_stm32f10x_hd.o(.text)
    TIM7_IRQHandler                          0x080001ff   Thumb Code     0  startup_stm32f10x_hd.o(.text)
    TIM8_BRK_IRQHandler                      0x080001ff   Thumb Code     0  startup_stm32f10x_hd.o(.text)
    TIM8_CC_IRQHandler                       0x080001ff   Thumb Code     0  startup_stm32f10x_hd.o(.text)
    TIM8_TRG_COM_IRQHandler                  0x080001ff   Thumb Code     0  startup_stm32f10x_hd.o(.text)
    TIM8_UP_IRQHandler                       0x080001ff   Thumb Code     0  startup_stm32f10x_hd.o(.text)
    UART4_IRQHandler                         0x080001ff   Thumb Code     0  startup_stm32f10x_hd.o(.text)
    UART5_IRQHandler                         0x080001ff   Thumb Code     0  startup_stm32f10x_hd.o(.text)
    USART2_IRQHandler                        0x080001ff   Thumb Code     0  startup_stm32f10x_hd.o(.text)
    USART3_IRQHandler                        0x080001ff   Thumb Code     0  startup_stm32f10x_hd.o(.text)
    USBWakeUp_IRQHandler                     0x080001ff   Thumb Code     0  startup_stm32f10x_hd.o(.text)
    USB_HP_CAN1_TX_IRQHandler                0x080001ff   Thumb Code     0  startup_stm32f10x_hd.o(.text)
    USB_LP_CAN1_RX0_IRQHandler               0x080001ff   Thumb Code     0  startup_stm32f10x_hd.o(.text)
    WWDG_IRQHandler                          0x080001ff   Thumb Code     0  startup_stm32f10x_hd.o(.text)
    __user_initial_stackheap                 0x08000201   Thumb Code     0  startup_stm32f10x_hd.o(.text)
    CPU_IntDis                               0x08000225   Thumb Code     0  cpu_a.o(.text)
    CPU_IntEn                                0x08000229   Thumb Code     0  cpu_a.o(.text)
    CPU_SR_Save                              0x0800022d   Thumb Code     0  cpu_a.o(.text)
    CPU_SR_Restore                           0x08000235   Thumb Code     0  cpu_a.o(.text)
    CPU_WaitForInt                           0x0800023b   Thumb Code     0  cpu_a.o(.text)
    CPU_WaitForExcept                        0x0800023f   Thumb Code     0  cpu_a.o(.text)
    CPU_CntLeadZeros                         0x08000243   Thumb Code     0  cpu_a.o(.text)
    CPU_CntTrailZeros                        0x08000249   Thumb Code     0  cpu_a.o(.text)
    CPU_RevBits                              0x08000253   Thumb Code     0  cpu_a.o(.text)
    __use_no_semihosting                     0x08000259   Thumb Code     2  use_no_semi_2.o(.text)
    __2printf                                0x0800025d   Thumb Code    20  noretval__2printf.o(.text)
    __printf                                 0x08000275   Thumb Code   270  __printf_wp.o(.text)
    __use_two_region_memory                  0x08000383   Thumb Code     2  heapauxi.o(.text)
    __rt_heap_escrow$2region                 0x08000385   Thumb Code     2  heapauxi.o(.text)
    __rt_heap_expand$2region                 0x08000387   Thumb Code     2  heapauxi.o(.text)
    __I$use$semihosting                      0x08000389   Thumb Code     0  use_no_semi.o(.text)
    __use_no_semihosting_swi                 0x08000389   Thumb Code     2  use_no_semi.o(.text)
    __lib_sel_fp_printf                      0x0800038b   Thumb Code     2  _printf_fp_dec.o(.text)
    _printf_fp_dec_real                      0x0800053d   Thumb Code   620  _printf_fp_dec.o(.text)
    _printf_char_file                        0x080007a9   Thumb Code    32  _printf_char_file.o(.text)
    __rt_locale                              0x080007cd   Thumb Code     8  rt_locale_intlibspace.o(.text)
    _ll_udiv10                               0x080007d5   Thumb Code   138  lludiv10.o(.text)
    _printf_char_common                      0x0800086b   Thumb Code    32  _printf_char_common.o(.text)
    _printf_fp_infnan                        0x08000891   Thumb Code   112  _printf_fp_infnan.o(.text)
    _btod_etento                             0x08000911   Thumb Code   224  bigflt0.o(.text)
    ferror                                   0x080009f5   Thumb Code     8  ferror.o(.text)
    __user_libspace                          0x080009fd   Thumb Code     8  libspace.o(.text)
    __user_perproc_libspace                  0x080009fd   Thumb Code     0  libspace.o(.text)
    __user_perthread_libspace                0x080009fd   Thumb Code     0  libspace.o(.text)
    __user_setup_stackheap                   0x08000a05   Thumb Code    74  sys_stackheap_outer.o(.text)
    exit                                     0x08000a4f   Thumb Code    18  exit.o(.text)
    strcmp                                   0x08000a61   Thumb Code   128  strcmpv7m.o(.text)
    _btod_d2e                                0x08000ae1   Thumb Code    62  btod.o(CL$$btod_d2e)
    _d2e_denorm_low                          0x08000b1f   Thumb Code    70  btod.o(CL$$btod_d2e_denorm_low)
    _d2e_norm_op1                            0x08000b65   Thumb Code    96  btod.o(CL$$btod_d2e_norm_op1)
    __btod_div_common                        0x08000bc5   Thumb Code   696  btod.o(CL$$btod_div_common)
    _e2e                                     0x08000efd   Thumb Code   220  btod.o(CL$$btod_e2e)
    _btod_ediv                               0x08000fd9   Thumb Code    42  btod.o(CL$$btod_ediv)
    _btod_emul                               0x08001003   Thumb Code    42  btod.o(CL$$btod_emul)
    __btod_mult_common                       0x0800102d   Thumb Code   580  btod.o(CL$$btod_mult_common)
    OSStartHighRdy                           0x08001271   Thumb Code     0  os_cpu_a.o(CODE)
    PendSV_Handler                           0x080012a7   Thumb Code     0  os_cpu_a.o(CODE)
    BSP_CPU_ClkFreq                          0x08001309   Thumb Code    16  bsp.o(i.BSP_CPU_ClkFreq)
    BusFault_Handler                         0x08001319   Thumb Code     4  stm32f10x_it.o(i.BusFault_Handler)
    CPU_Init                                 0x0800131d   Thumb Code    12  cpu_core.o(i.CPU_Init)
    CPU_NameClr                              0x08001329   Thumb Code    42  cpu_core.o(i.CPU_NameClr)
    CPU_TS_TmrFreqSet                        0x08001375   Thumb Code     6  cpu_core.o(i.CPU_TS_TmrFreqSet)
    CPU_TS_TmrInit                           0x08001381   Thumb Code    44  bsp.o(i.CPU_TS_TmrInit)
    CPU_TS_TmrRd                             0x080013b5   Thumb Code     6  bsp.o(i.CPU_TS_TmrRd)
    DebugMon_Handler                         0x080013c1   Thumb Code     2  stm32f10x_it.o(i.DebugMon_Handler)
    GPIO_Init                                0x080013c3   Thumb Code   278  stm32f10x_gpio.o(i.GPIO_Init)
    GPIO_ResetBits                           0x080014d9   Thumb Code     4  stm32f10x_gpio.o(i.GPIO_ResetBits)
    GPIO_SetBits                             0x080014dd   Thumb Code     4  stm32f10x_gpio.o(i.GPIO_SetBits)
    HardFault_Handler                        0x080014e1   Thumb Code     4  stm32f10x_it.o(i.HardFault_Handler)
    LED_Init                                 0x080014e5   Thumb Code    68  user_led.o(i.LED_Init)
    MemManage_Handler                        0x08001531   Thumb Code     4  stm32f10x_it.o(i.MemManage_Handler)
    Mem_Clr                                  0x08001535   Thumb Code    18  lib_mem.o(i.Mem_Clr)
    Mem_Set                                  0x08001547   Thumb Code    84  lib_mem.o(i.Mem_Set)
    NMI_Handler                              0x0800159b   Thumb Code     2  stm32f10x_it.o(i.NMI_Handler)
    NVIC_Init                                0x0800159d   Thumb Code   100  misc.o(i.NVIC_Init)
    NVIC_PriorityGroupConfig                 0x0800160d   Thumb Code    10  misc.o(i.NVIC_PriorityGroupConfig)
    OSCfg_Init                               0x08001621   Thumb Code    86  os_cfg_app.o(i.OSCfg_Init)
    OSIdleTaskHook                           0x0800171d   Thumb Code    16  os_cpu_c.o(i.OSIdleTaskHook)
    OSInit                                   0x08001731   Thumb Code   300  os_core.o(i.OSInit)
    OSInitHook                               0x080018bd   Thumb Code    42  os_cpu_c.o(i.OSInitHook)
    OSIntEnter                               0x080018f5   Thumb Code    34  os_core.o(i.OSIntEnter)
    OSIntExit                                0x08001921   Thumb Code   192  os_core.o(i.OSIntExit)
    OSSched                                  0x08001a05   Thumb Code   134  os_core.o(i.OSSched)
    OSSchedLock                              0x08001aad   Thumb Code   104  os_core.o(i.OSSchedLock)
    OSSchedRoundRobinCfg                     0x08001b21   Thumb Code    88  os_core.o(i.OSSchedRoundRobinCfg)
    OSSchedUnlock                            0x08001b85   Thumb Code   136  os_core.o(i.OSSchedUnlock)
    OSStart                                  0x08001c19   Thumb Code    78  os_core.o(i.OSStart)
    OSStatReset                              0x08001c81   Thumb Code   270  os_stat.o(i.OSStatReset)
    OSStatTaskCPUUsageInit                   0x08001db9   Thumb Code   212  os_stat.o(i.OSStatTaskCPUUsageInit)
    OSStatTaskHook                           0x08001ea9   Thumb Code    16  os_cpu_c.o(i.OSStatTaskHook)
    OSTaskCreate                             0x08001ebd   Thumb Code   566  os_task.o(i.OSTaskCreate)
    OSTaskCreateHook                         0x08002119   Thumb Code    20  os_cpu_c.o(i.OSTaskCreateHook)
    OSTaskDel                                0x08002131   Thumb Code   424  os_task.o(i.OSTaskDel)
    OSTaskDelHook                            0x080022f5   Thumb Code    20  os_cpu_c.o(i.OSTaskDelHook)
    OSTaskResume                             0x0800230d   Thumb Code   112  os_task.o(i.OSTaskResume)
    OSTaskReturnHook                         0x08002389   Thumb Code    20  os_cpu_c.o(i.OSTaskReturnHook)
    OSTaskSemPend                            0x080023a1   Thumb Code   520  os_task.o(i.OSTaskSemPend)
    OSTaskStkChk                             0x080025b5   Thumb Code   204  os_task.o(i.OSTaskStkChk)
    OSTaskStkInit                            0x08002689   Thumb Code   188  os_cpu_c.o(i.OSTaskStkInit)
    OSTaskSuspend                            0x08002749   Thumb Code    78  os_task.o(i.OSTaskSuspend)
    OSTaskSwHook                             0x080027a9   Thumb Code   120  os_cpu_c.o(i.OSTaskSwHook)
    OSTimeDly                                0x08002831   Thumb Code   266  os_time.o(i.OSTimeDly)
    OSTimeDlyHMSM                            0x08002949   Thumb Code   480  os_time.o(i.OSTimeDlyHMSM)
    OSTimeTick                               0x08002b39   Thumb Code    54  os_time.o(i.OSTimeTick)
    OSTimeTickHook                           0x08002b7d   Thumb Code    16  os_cpu_c.o(i.OSTimeTickHook)
    OS_Dbg_Init                              0x08002b91   Thumb Code   146  os_dbg.o(i.OS_Dbg_Init)
    OS_FlagInit                              0x08002d41   Thumb Code    14  os_flag.o(i.OS_FlagInit)
    OS_FlagPost                              0x08002d59   Thumb Code   552  os_flag.o(i.OS_FlagPost)
    OS_FlagTaskRdy                           0x08002f89   Thumb Code    86  os_flag.o(i.OS_FlagTaskRdy)
    OS_IdleTask                              0x08002fe1   Thumb Code    60  os_core.o(i.OS_IdleTask)
    OS_IdleTaskInit                          0x08003025   Thumb Code    66  os_core.o(i.OS_IdleTaskInit)
    OS_IntQPost                              0x08003095   Thumb Code   216  os_int.o(i.OS_IntQPost)
    OS_IntQRePost                            0x08003191   Thumb Code   360  os_int.o(i.OS_IntQRePost)
    OS_IntQTask                              0x08003335   Thumb Code   162  os_int.o(i.OS_IntQTask)
    OS_IntQTaskInit                          0x080033e9   Thumb Code   206  os_int.o(i.OS_IntQTaskInit)
    OS_MemInit                               0x08003511   Thumb Code    14  os_mem.o(i.OS_MemInit)
    OS_MsgPoolCreate                         0x08003529   Thumb Code    54  os_msg.o(i.OS_MsgPoolCreate)
    OS_MsgPoolInit                           0x08003561   Thumb Code    70  os_msg.o(i.OS_MsgPoolInit)
    OS_MsgQFreeAll                           0x080035b5   Thumb Code    62  os_msg.o(i.OS_MsgQFreeAll)
    OS_MsgQInit                              0x080035f9   Thumb Code    14  os_msg.o(i.OS_MsgQInit)
    OS_MsgQPut                               0x08003609   Thumb Code   246  os_msg.o(i.OS_MsgQPut)
    OS_MutexInit                             0x08003705   Thumb Code    14  os_mutex.o(i.OS_MutexInit)
    OS_Pend                                  0x0800371d   Thumb Code    98  os_core.o(i.OS_Pend)
    OS_PendDataInit                          0x08003785   Thumb Code    38  os_core.o(i.OS_PendDataInit)
    OS_PendDbgNameAdd                        0x080037ad   Thumb Code    66  os_core.o(i.OS_PendDbgNameAdd)
    OS_PendDbgNameRemove                     0x08003809   Thumb Code    30  os_core.o(i.OS_PendDbgNameRemove)
    OS_PendListInsertPrio                    0x0800382d   Thumb Code   102  os_core.o(i.OS_PendListInsertPrio)
    OS_PendListRemove                        0x08003893   Thumb Code    48  os_core.o(i.OS_PendListRemove)
    OS_PendListRemove1                       0x080038c3   Thumb Code    66  os_core.o(i.OS_PendListRemove1)
    OS_Post                                  0x08003905   Thumb Code   192  os_core.o(i.OS_Post)
    OS_Post1                                 0x080039c5   Thumb Code    42  os_core.o(i.OS_Post1)
    OS_PrioGetHighest                        0x080039f1   Thumb Code    36  os_prio.o(i.OS_PrioGetHighest)
    OS_PrioInit                              0x08003a19   Thumb Code    20  os_prio.o(i.OS_PrioInit)
    OS_PrioInsert                            0x08003a31   Thumb Code    32  os_prio.o(i.OS_PrioInsert)
    OS_PrioRemove                            0x08003a55   Thumb Code    32  os_prio.o(i.OS_PrioRemove)
    OS_QInit                                 0x08003a79   Thumb Code    14  os_q.o(i.OS_QInit)
    OS_QPost                                 0x08003a91   Thumb Code   324  os_q.o(i.OS_QPost)
    OS_RdyListInit                           0x08003bdd   Thumb Code    32  os_core.o(i.OS_RdyListInit)
    OS_RdyListInsert                         0x08003c01   Thumb Code    40  os_core.o(i.OS_RdyListInsert)
    OS_RdyListInsertHead                     0x08003c2d   Thumb Code    58  os_core.o(i.OS_RdyListInsertHead)
    OS_RdyListInsertTail                     0x08003c6d   Thumb Code    56  os_core.o(i.OS_RdyListInsertTail)
    OS_RdyListMoveHeadToTail                 0x08003ca9   Thumb Code    68  os_core.o(i.OS_RdyListMoveHeadToTail)
    OS_RdyListRemove                         0x08003ced   Thumb Code    86  os_core.o(i.OS_RdyListRemove)
    OS_Sched0                                0x08003d49   Thumb Code    72  os_core.o(i.OS_Sched0)
    OS_SchedLockTimeMeasStart                0x08003da5   Thumb Code    20  os_core.o(i.OS_SchedLockTimeMeasStart)
    OS_SchedLockTimeMeasStop                 0x08003dc1   Thumb Code    44  os_core.o(i.OS_SchedLockTimeMeasStop)
    OS_SchedRoundRobin                       0x08003dfd   Thumb Code   190  os_core.o(i.OS_SchedRoundRobin)
    OS_SemInit                               0x08003ecd   Thumb Code    14  os_sem.o(i.OS_SemInit)
    OS_SemPost                               0x08003ee5   Thumb Code   350  os_sem.o(i.OS_SemPost)
    OS_StatTask                              0x08004049   Thumb Code   790  os_stat.o(i.OS_StatTask)
    OS_StatTaskInit                          0x080043a5   Thumb Code   136  os_stat.o(i.OS_StatTaskInit)
    OS_TaskBlock                             0x08004471   Thumb Code    56  os_core.o(i.OS_TaskBlock)
    OS_TaskDbgListAdd                        0x080044a9   Thumb Code    42  os_task.o(i.OS_TaskDbgListAdd)
    OS_TaskDbgListRemove                     0x080044d9   Thumb Code    64  os_task.o(i.OS_TaskDbgListRemove)
    OS_TaskInit                              0x0800451d   Thumb Code    18  os_task.o(i.OS_TaskInit)
    OS_TaskInitTCB                           0x0800453d   Thumb Code   186  os_task.o(i.OS_TaskInitTCB)
    OS_TaskQPost                             0x08004605   Thumb Code   510  os_task.o(i.OS_TaskQPost)
    OS_TaskRdy                               0x08004811   Thumb Code    28  os_core.o(i.OS_TaskRdy)
    OS_TaskResume                            0x0800482d   Thumb Code   314  os_task.o(i.OS_TaskResume)
    OS_TaskReturn                            0x0800496d   Thumb Code    20  os_task.o(i.OS_TaskReturn)
    OS_TaskSemPost                           0x08004985   Thumb Code  1210  os_task.o(i.OS_TaskSemPost)
    OS_TaskSuspend                           0x08004e49   Thumb Code   328  os_task.o(i.OS_TaskSuspend)
    OS_TickListInit                          0x08004f99   Thumb Code    32  os_tick.o(i.OS_TickListInit)
    OS_TickListInsert                        0x08004fc1   Thumb Code   430  os_tick.o(i.OS_TickListInsert)
    OS_TickListRemove                        0x0800517d   Thumb Code    56  os_tick.o(i.OS_TickListRemove)
    OS_TickListResetPeak                     0x080051b5   Thumb Code    28  os_tick.o(i.OS_TickListResetPeak)
    OS_TickListUpdate                        0x080051d9   Thumb Code   480  os_tick.o(i.OS_TickListUpdate)
    OS_TickTask                              0x080053d1   Thumb Code    38  os_tick.o(i.OS_TickTask)
    OS_TickTaskInit                          0x080053fd   Thumb Code   128  os_tick.o(i.OS_TickTaskInit)
    OS_TmrInit                               0x080054b5   Thumb Code   206  os_tmr.o(i.OS_TmrInit)
    OS_TmrLink                               0x080055dd   Thumb Code   196  os_tmr.o(i.OS_TmrLink)
    OS_TmrResetPeak                          0x080056ad   Thumb Code    28  os_tmr.o(i.OS_TmrResetPeak)
    OS_TmrTask                               0x080056d1   Thumb Code   176  os_tmr.o(i.OS_TmrTask)
    OS_TmrUnlink                             0x08005791   Thumb Code    72  os_tmr.o(i.OS_TmrUnlink)
    RCC_APB2PeriphClockCmd                   0x080057e1   Thumb Code    26  stm32f10x_rcc.o(i.RCC_APB2PeriphClockCmd)
    RCC_GetClocksFreq                        0x08005801   Thumb Code   192  stm32f10x_rcc.o(i.RCC_GetClocksFreq)
    SVC_Handler                              0x080058d5   Thumb Code     2  stm32f10x_it.o(i.SVC_Handler)
    SysTick_CLKSourceConfig                  0x080059c1   Thumb Code    40  misc.o(i.SysTick_CLKSourceConfig)
    SysTick_Handler                          0x080059e9   Thumb Code    24  delay.o(i.SysTick_Handler)
    SystemInit                               0x08005a05   Thumb Code    78  system_stm32f10x.o(i.SystemInit)
    USART1_IRQHandler                        0x08005a65   Thumb Code   130  usart.o(i.USART1_IRQHandler)
    USART_Cmd                                0x08005af5   Thumb Code    24  stm32f10x_usart.o(i.USART_Cmd)
    USART_GetITStatus                        0x08005b0d   Thumb Code    84  stm32f10x_usart.o(i.USART_GetITStatus)
    USART_ITConfig                           0x08005b61   Thumb Code    74  stm32f10x_usart.o(i.USART_ITConfig)
    USART_Init                               0x08005bad   Thumb Code   210  stm32f10x_usart.o(i.USART_Init)
    USART_ReceiveData                        0x08005c85   Thumb Code    10  stm32f10x_usart.o(i.USART_ReceiveData)
    UsageFault_Handler                       0x08005c8f   Thumb Code     4  stm32f10x_it.o(i.UsageFault_Handler)
    __ARM_fpclassify                         0x08005c93   Thumb Code    40  fpclassify.o(i.__ARM_fpclassify)
    _is_digit                                0x08005cbb   Thumb Code    14  __printf_wp.o(i._is_digit)
    _sys_exit                                0x08005cc9   Thumb Code     4  usart.o(i._sys_exit)
    delay_init                               0x08005ccd   Thumb Code    92  delay.o(i.delay_init)
    delay_ms                                 0x08005d3d   Thumb Code    66  delay.o(i.delay_ms)
    delay_osschedlock                        0x08005d8d   Thumb Code    10  delay.o(i.delay_osschedlock)
    delay_osschedunlock                      0x08005d97   Thumb Code    10  delay.o(i.delay_osschedunlock)
    delay_ostimedly                          0x08005da1   Thumb Code    16  delay.o(i.delay_ostimedly)
    delay_us                                 0x08005db1   Thumb Code    86  delay.o(i.delay_us)
    float_task                               0x08005e0d   Thumb Code   180  main.o(i.float_task)
    fputc                                    0x08005ee9   Thumb Code    24  usart.o(i.fputc)
    led0_task                                0x08005f05   Thumb Code    62  main.o(i.led0_task)
    led1_task                                0x08005f49   Thumb Code    64  main.o(i.led1_task)
    main                                     0x08005f8d   Thumb Code   224  main.o(i.main)
    start_task                               0x0800608d   Thumb Code   312  main.o(i.start_task)
    uart_init                                0x0800621d   Thumb Code   152  usart.o(i.uart_init)
    _get_lc_numeric                          0x080062bd   Thumb Code    44  lc_numeric_c.o(locale$$code)
    __fpl_dretinf                            0x080062e9   Thumb Code    12  dretinf.o(x$fpl$dretinf)
    __aeabi_f2d                              0x080062f5   Thumb Code     0  f2d.o(x$fpl$f2d)
    _f2d                                     0x080062f5   Thumb Code    86  f2d.o(x$fpl$f2d)
    __aeabi_fadd                             0x0800634d   Thumb Code     0  faddsub_clz.o(x$fpl$fadd)
    _fadd                                    0x0800634d   Thumb Code   196  faddsub_clz.o(x$fpl$fadd)
    __fpl_fnaninf                            0x08006411   Thumb Code   140  fnaninf.o(x$fpl$fnaninf)
    __fpl_fretinf                            0x0800649d   Thumb Code    10  fretinf.o(x$fpl$fretinf)
    __aeabi_fsub                             0x080064a9   Thumb Code     0  faddsub_clz.o(x$fpl$fsub)
    _fsub                                    0x080064a9   Thumb Code   234  faddsub_clz.o(x$fpl$fsub)
    _printf_fp_dec                           0x08006593   Thumb Code     4  printf1.o(x$fpl$printf1)
    __I$use$fp                               0x08006596   Number         0  usenofp.o(x$fpl$usenofp)
    OSCfg_IdleTaskStkBasePtr                 0x08006598   Data           4  os_cfg_app.o(.constdata)
    OSCfg_IdleTaskStkLimit                   0x0800659c   Data           4  os_cfg_app.o(.constdata)
    OSCfg_IdleTaskStkSize                    0x080065a0   Data           4  os_cfg_app.o(.constdata)
    OSCfg_IdleTaskStkSizeRAM                 0x080065a4   Data           4  os_cfg_app.o(.constdata)
    OSCfg_IntQBasePtr                        0x080065a8   Data           4  os_cfg_app.o(.constdata)
    OSCfg_IntQSize                           0x080065ac   Data           2  os_cfg_app.o(.constdata)
    OSCfg_IntQSizeRAM                        0x080065b0   Data           4  os_cfg_app.o(.constdata)
    OSCfg_IntQTaskStkBasePtr                 0x080065b4   Data           4  os_cfg_app.o(.constdata)
    OSCfg_IntQTaskStkLimit                   0x080065b8   Data           4  os_cfg_app.o(.constdata)
    OSCfg_IntQTaskStkSize                    0x080065bc   Data           4  os_cfg_app.o(.constdata)
    OSCfg_IntQTaskStkSizeRAM                 0x080065c0   Data           4  os_cfg_app.o(.constdata)
    OSCfg_ISRStkBasePtr                      0x080065c4   Data           4  os_cfg_app.o(.constdata)
    OSCfg_ISRStkSize                         0x080065c8   Data           4  os_cfg_app.o(.constdata)
    OSCfg_ISRStkSizeRAM                      0x080065cc   Data           4  os_cfg_app.o(.constdata)
    OSCfg_MsgPoolSize                        0x080065d0   Data           2  os_cfg_app.o(.constdata)
    OSCfg_MsgPoolSizeRAM                     0x080065d4   Data           4  os_cfg_app.o(.constdata)
    OSCfg_MsgPoolBasePtr                     0x080065d8   Data           4  os_cfg_app.o(.constdata)
    OSCfg_StatTaskPrio                       0x080065dc   Data           1  os_cfg_app.o(.constdata)
    OSCfg_StatTaskRate_Hz                    0x080065e0   Data           4  os_cfg_app.o(.constdata)
    OSCfg_StatTaskStkBasePtr                 0x080065e4   Data           4  os_cfg_app.o(.constdata)
    OSCfg_StatTaskStkLimit                   0x080065e8   Data           4  os_cfg_app.o(.constdata)
    OSCfg_StatTaskStkSize                    0x080065ec   Data           4  os_cfg_app.o(.constdata)
    OSCfg_StatTaskStkSizeRAM                 0x080065f0   Data           4  os_cfg_app.o(.constdata)
    OSCfg_StkSizeMin                         0x080065f4   Data           4  os_cfg_app.o(.constdata)
    OSCfg_TickRate_Hz                        0x080065f8   Data           4  os_cfg_app.o(.constdata)
    OSCfg_TickTaskPrio                       0x080065fc   Data           1  os_cfg_app.o(.constdata)
    OSCfg_TickTaskStkBasePtr                 0x08006600   Data           4  os_cfg_app.o(.constdata)
    OSCfg_TickTaskStkLimit                   0x08006604   Data           4  os_cfg_app.o(.constdata)
    OSCfg_TickTaskStkSize                    0x08006608   Data           4  os_cfg_app.o(.constdata)
    OSCfg_TickTaskStkSizeRAM                 0x0800660c   Data           4  os_cfg_app.o(.constdata)
    OSCfg_TickWheelSize                      0x08006610   Data           2  os_cfg_app.o(.constdata)
    OSCfg_TickWheelSizeRAM                   0x08006614   Data           4  os_cfg_app.o(.constdata)
    OSCfg_TmrTaskPrio                        0x08006618   Data           1  os_cfg_app.o(.constdata)
    OSCfg_TmrTaskRate_Hz                     0x0800661c   Data           4  os_cfg_app.o(.constdata)
    OSCfg_TmrTaskStkBasePtr                  0x08006620   Data           4  os_cfg_app.o(.constdata)
    OSCfg_TmrTaskStkLimit                    0x08006624   Data           4  os_cfg_app.o(.constdata)
    OSCfg_TmrTaskStkSize                     0x08006628   Data           4  os_cfg_app.o(.constdata)
    OSCfg_TmrTaskStkSizeRAM                  0x0800662c   Data           4  os_cfg_app.o(.constdata)
    OSCfg_TmrWheelSize                       0x08006630   Data           2  os_cfg_app.o(.constdata)
    OSCfg_TmrWheelSizeRAM                    0x08006634   Data           4  os_cfg_app.o(.constdata)
    OSCfg_DataSizeRAM                        0x08006638   Data           4  os_cfg_app.o(.constdata)
    OSDbg_DbgEn                              0x0800663c   Data           2  os_dbg.o(.constdata)
    OSDbg_ArgChkEn                           0x0800663e   Data           1  os_dbg.o(.constdata)
    OSDbg_AppHooksEn                         0x0800663f   Data           1  os_dbg.o(.constdata)
    OSDbg_EndiannessTest                     0x08006640   Data           4  os_dbg.o(.constdata)
    OSDbg_CalledFromISRChkEn                 0x08006644   Data           1  os_dbg.o(.constdata)
    OSDbg_FlagEn                             0x08006645   Data           1  os_dbg.o(.constdata)
    OSDbg_FlagGrp                            0x08006648   Data          40  os_dbg.o(.constdata)
    OSDbg_FlagDelEn                          0x08006670   Data           1  os_dbg.o(.constdata)
    OSDbg_FlagModeClrEn                      0x08006671   Data           1  os_dbg.o(.constdata)
    OSDbg_FlagPendAbortEn                    0x08006672   Data           1  os_dbg.o(.constdata)
    OSDbg_FlagGrpSize                        0x08006674   Data           2  os_dbg.o(.constdata)
    OSDbg_FlagWidth                          0x08006676   Data           2  os_dbg.o(.constdata)
    OSDbg_IntQ                               0x08006678   Data           2  os_dbg.o(.constdata)
    OSDbg_ISRPostDeferredEn                  0x0800667a   Data           1  os_dbg.o(.constdata)
    OSDbg_Mem                                0x0800667c   Data          32  os_dbg.o(.constdata)
    OSDbg_MemEn                              0x0800669c   Data           1  os_dbg.o(.constdata)
    OSDbg_MemSize                            0x0800669e   Data           2  os_dbg.o(.constdata)
    OSDbg_MsgEn                              0x080066a0   Data           1  os_dbg.o(.constdata)
    OSDbg_MsgSize                            0x080066a2   Data           2  os_dbg.o(.constdata)
    OSDbg_MsgPoolSize                        0x080066a4   Data           2  os_dbg.o(.constdata)
    OSDbg_MsgQSize                           0x080066a6   Data           2  os_dbg.o(.constdata)
    OSDbg_Mutex                              0x080066a8   Data          44  os_dbg.o(.constdata)
    OSDbg_MutexEn                            0x080066d4   Data           1  os_dbg.o(.constdata)
    OSDbg_MutexDelEn                         0x080066d5   Data           1  os_dbg.o(.constdata)
    OSDbg_MutexPendAbortEn                   0x080066d6   Data           1  os_dbg.o(.constdata)
    OSDbg_MutexSize                          0x080066d8   Data           2  os_dbg.o(.constdata)
    OSDbg_ObjTypeChkEn                       0x080066da   Data           1  os_dbg.o(.constdata)
    OSDbg_PendMultiEn                        0x080066db   Data           1  os_dbg.o(.constdata)
    OSDbg_PendDataSize                       0x080066dc   Data           2  os_dbg.o(.constdata)
    OSDbg_PendListSize                       0x080066de   Data           2  os_dbg.o(.constdata)
    OSDbg_PendObjSize                        0x080066e0   Data           2  os_dbg.o(.constdata)
    OSDbg_PrioMax                            0x080066e2   Data           2  os_dbg.o(.constdata)
    OSDbg_PrioTblSize                        0x080066e4   Data           2  os_dbg.o(.constdata)
    OSDbg_PtrSize                            0x080066e6   Data           2  os_dbg.o(.constdata)
    OSDbg_Q                                  0x080066e8   Data          48  os_dbg.o(.constdata)
    OSDbg_QEn                                0x08006718   Data           1  os_dbg.o(.constdata)
    OSDbg_QDelEn                             0x08006719   Data           1  os_dbg.o(.constdata)
    OSDbg_QFlushEn                           0x0800671a   Data           1  os_dbg.o(.constdata)
    OSDbg_QPendAbortEn                       0x0800671b   Data           1  os_dbg.o(.constdata)
    OSDbg_QSize                              0x0800671c   Data           2  os_dbg.o(.constdata)
    OSDbg_SchedRoundRobinEn                  0x0800671e   Data           1  os_dbg.o(.constdata)
    OSDbg_Sem                                0x08006720   Data          40  os_dbg.o(.constdata)
    OSDbg_SemEn                              0x08006748   Data           1  os_dbg.o(.constdata)
    OSDbg_SemDelEn                           0x08006749   Data           1  os_dbg.o(.constdata)
    OSDbg_SemPendAbortEn                     0x0800674a   Data           1  os_dbg.o(.constdata)
    OSDbg_SemSetEn                           0x0800674b   Data           1  os_dbg.o(.constdata)
    OSDbg_SemSize                            0x0800674c   Data           2  os_dbg.o(.constdata)
    OSDbg_RdyList                            0x0800674e   Data           2  os_dbg.o(.constdata)
    OSDbg_RdyListSize                        0x08006750   Data           4  os_dbg.o(.constdata)
    OSDbg_StkWidth                           0x08006754   Data           1  os_dbg.o(.constdata)
    OSDbg_StatTaskEn                         0x08006755   Data           1  os_dbg.o(.constdata)
    OSDbg_StatTaskStkChkEn                   0x08006756   Data           1  os_dbg.o(.constdata)
    OSDbg_TaskChangePrioEn                   0x08006757   Data           1  os_dbg.o(.constdata)
    OSDbg_TaskDelEn                          0x08006758   Data           1  os_dbg.o(.constdata)
    OSDbg_TaskQEn                            0x08006759   Data           1  os_dbg.o(.constdata)
    OSDbg_TaskQPendAbortEn                   0x0800675a   Data           1  os_dbg.o(.constdata)
    OSDbg_TaskProfileEn                      0x0800675b   Data           1  os_dbg.o(.constdata)
    OSDbg_TaskRegTblSize                     0x0800675c   Data           2  os_dbg.o(.constdata)
    OSDbg_TaskSemPendAbortEn                 0x0800675e   Data           1  os_dbg.o(.constdata)
    OSDbg_TaskSuspendEn                      0x0800675f   Data           1  os_dbg.o(.constdata)
    OSDbg_TCBSize                            0x08006760   Data           2  os_dbg.o(.constdata)
    OSDbg_TickSpokeSize                      0x08006762   Data           2  os_dbg.o(.constdata)
    OSDbg_TimeDlyHMSMEn                      0x08006764   Data           1  os_dbg.o(.constdata)
    OSDbg_TimeDlyResumeEn                    0x08006765   Data           1  os_dbg.o(.constdata)
    OSDbg_TLS_TblSize                        0x08006766   Data           2  os_dbg.o(.constdata)
    OSDbg_Tmr                                0x08006768   Data          52  os_dbg.o(.constdata)
    OSDbg_TmrEn                              0x0800679c   Data           1  os_dbg.o(.constdata)
    OSDbg_TmrDelEn                           0x0800679d   Data           1  os_dbg.o(.constdata)
    OSDbg_TmrSize                            0x0800679e   Data           2  os_dbg.o(.constdata)
    OSDbg_TmrSpokeSize                       0x080067a0   Data           2  os_dbg.o(.constdata)
    OSDbg_VersionNbr                         0x080067a2   Data           2  os_dbg.o(.constdata)
    OSDbg_DataSize                           0x080067a4   Data           4  os_dbg.o(.constdata)
    Region$$Table$$Base                      0x0800683c   Number         0  anon$$obj.o(Region$$Table)
    Region$$Table$$Limit                     0x0800685c   Number         0  anon$$obj.o(Region$$Table)
    __stdout                                 0x20000018   Data           4  usart.o(.data)
    USART_RX_STA                             0x2000001c   Data           2  usart.o(.data)
    SystemCoreClock                          0x20000024   Data           4  system_stm32f10x.o(.data)
    AHBPrescTable                            0x20000028   Data          16  system_stm32f10x.o(.data)
    CPU_TS_TmrFreq_Hz                        0x20000038   Data           4  cpu_core.o(.data)
    OSPrioTbl                                0x2000003c   Data           8  os_prio.o(.data)
    OS_AppTaskCreateHookPtr                  0x20000044   Data           4  os_var.o(.data)
    OS_AppTaskDelHookPtr                     0x20000048   Data           4  os_var.o(.data)
    OS_AppTaskReturnHookPtr                  0x2000004c   Data           4  os_var.o(.data)
    OS_AppIdleTaskHookPtr                    0x20000050   Data           4  os_var.o(.data)
    OS_AppStatTaskHookPtr                    0x20000054   Data           4  os_var.o(.data)
    OS_AppTaskSwHookPtr                      0x20000058   Data           4  os_var.o(.data)
    OS_AppTimeTickHookPtr                    0x2000005c   Data           4  os_var.o(.data)
    OSIdleTaskCtr                            0x20000060   Data           4  os_var.o(.data)
    OSIntNestingCtr                          0x20000064   Data           1  os_var.o(.data)
    OSRunning                                0x20000065   Data           1  os_var.o(.data)
    OSIntQInPtr                              0x20000068   Data           4  os_var.o(.data)
    OSIntQOutPtr                             0x2000006c   Data           4  os_var.o(.data)
    OSIntQNbrEntries                         0x20000070   Data           2  os_var.o(.data)
    OSIntQNbrEntriesMax                      0x20000072   Data           2  os_var.o(.data)
    OSIntQOvfCtr                             0x20000074   Data           2  os_var.o(.data)
    OSIntQTaskTimeMax                        0x20000078   Data           4  os_var.o(.data)
    OSFlagDbgListPtr                         0x2000007c   Data           4  os_var.o(.data)
    OSFlagQty                                0x20000080   Data           2  os_var.o(.data)
    OSMemDbgListPtr                          0x20000084   Data           4  os_var.o(.data)
    OSMemQty                                 0x20000088   Data           2  os_var.o(.data)
    OSMutexDbgListPtr                        0x2000008c   Data           4  os_var.o(.data)
    OSMutexQty                               0x20000090   Data           2  os_var.o(.data)
    OSPrioCur                                0x20000092   Data           1  os_var.o(.data)
    OSPrioHighRdy                            0x20000093   Data           1  os_var.o(.data)
    OSPrioSaved                              0x20000094   Data           1  os_var.o(.data)
    OSQDbgListPtr                            0x20000098   Data           4  os_var.o(.data)
    OSQQty                                   0x2000009c   Data           2  os_var.o(.data)
    OSSchedLockTimeBegin                     0x200000a0   Data           4  os_var.o(.data)
    OSSchedLockTimeMax                       0x200000a4   Data           4  os_var.o(.data)
    OSSchedLockTimeMaxCur                    0x200000a8   Data           4  os_var.o(.data)
    OSSchedLockNestingCtr                    0x200000ac   Data           1  os_var.o(.data)
    OSSchedRoundRobinDfltTimeQuanta          0x200000b0   Data           4  os_var.o(.data)
    OSSchedRoundRobinEn                      0x200000b4   Data           1  os_var.o(.data)
    OSSemDbgListPtr                          0x200000b8   Data           4  os_var.o(.data)
    OSSemQty                                 0x200000bc   Data           2  os_var.o(.data)
    OSStatResetFlag                          0x200000be   Data           1  os_var.o(.data)
    OSStatTaskCPUUsage                       0x200000c0   Data           2  os_var.o(.data)
    OSStatTaskCPUUsageMax                    0x200000c2   Data           2  os_var.o(.data)
    OSStatTaskCtr                            0x200000c4   Data           4  os_var.o(.data)
    OSStatTaskCtrMax                         0x200000c8   Data           4  os_var.o(.data)
    OSStatTaskCtrRun                         0x200000cc   Data           4  os_var.o(.data)
    OSStatTaskRdy                            0x200000d0   Data           1  os_var.o(.data)
    OSStatTaskTimeMax                        0x200000d4   Data           4  os_var.o(.data)
    OSTaskCtxSwCtr                           0x200000d8   Data           4  os_var.o(.data)
    OSTaskDbgListPtr                         0x200000dc   Data           4  os_var.o(.data)
    OSTaskQty                                0x200000e0   Data           2  os_var.o(.data)
    OSTaskRegNextAvailID                     0x200000e2   Data           1  os_var.o(.data)
    OSTickCtr                                0x200000e4   Data           4  os_var.o(.data)
    OSTickTaskTimeMax                        0x200000e8   Data           4  os_var.o(.data)
    OSTmrDbgListPtr                          0x200000ec   Data           4  os_var.o(.data)
    OSTmrQty                                 0x200000f0   Data           2  os_var.o(.data)
    OSTmrTaskTimeMax                         0x200000f4   Data           4  os_var.o(.data)
    OSTmrTickCtr                             0x200000f8   Data           4  os_var.o(.data)
    OSTmrUpdateCnt                           0x200000fc   Data           4  os_var.o(.data)
    OSTmrUpdateCtr                           0x20000100   Data           4  os_var.o(.data)
    OSTCBCurPtr                              0x20000104   Data           4  os_var.o(.data)
    OSTCBHighRdyPtr                          0x20000108   Data           4  os_var.o(.data)
    OS_CPU_ExceptStkBase                     0x2000010c   Data           4  os_cpu_c.o(.data)
    USART_RX_BUF                             0x20000110   Data         200  usart.o(.bss)
    StartTaskTCB                             0x200001d8   Data         196  main.o(.bss)
    START_TASK_STK                           0x2000029c   Data        2048  main.o(.bss)
    Led0TaskTCB                              0x20000a9c   Data         196  main.o(.bss)
    LED0_TASK_STK                            0x20000b60   Data         512  main.o(.bss)
    Led1TaskTCB                              0x20000d60   Data         196  main.o(.bss)
    LED1_TASK_STK                            0x20000e24   Data         512  main.o(.bss)
    FloatTaskTCB                             0x20001024   Data         196  main.o(.bss)
    FLOAT_TASK_STK                           0x200010e8   Data         512  main.o(.bss)
    CPU_Name                                 0x200012e8   Data          16  cpu_core.o(.bss)
    OSCfg_IdleTaskStk                        0x200012f8   Data         512  os_cfg_app.o(.bss)
    OSCfg_IntQ                               0x200014f8   Data         320  os_cfg_app.o(.bss)
    OSCfg_IntQTaskStk                        0x20001638   Data         512  os_cfg_app.o(.bss)
    OSCfg_ISRStk                             0x20001838   Data         512  os_cfg_app.o(.bss)
    OSCfg_MsgPool                            0x20001a38   Data        1600  os_cfg_app.o(.bss)
    OSCfg_StatTaskStk                        0x20002078   Data         512  os_cfg_app.o(.bss)
    OSCfg_TickTaskStk                        0x20002278   Data         512  os_cfg_app.o(.bss)
    OSCfg_TickWheel                          0x20002478   Data         136  os_cfg_app.o(.bss)
    OSCfg_TmrTaskStk                         0x20002500   Data         512  os_cfg_app.o(.bss)
    OSCfg_TmrWheel                           0x20002700   Data         136  os_cfg_app.o(.bss)
    OSIdleTaskTCB                            0x20002788   Data         196  os_var.o(.bss)
    OSIntQTaskTCB                            0x2000284c   Data         196  os_var.o(.bss)
    OSMsgPool                                0x20002910   Data          12  os_var.o(.bss)
    OSRdyList                                0x2000291c   Data         768  os_var.o(.bss)
    OSStatTaskTCB                            0x20002c1c   Data         196  os_var.o(.bss)
    OSTickTaskTCB                            0x20002ce0   Data         196  os_var.o(.bss)
    OSTmrTaskTCB                             0x20002da4   Data         196  os_var.o(.bss)
    __libspace_start                         0x20002e68   Data          96  libspace.o(.bss)
    __temporary_stack_top$libspace           0x20002ec8   Data           0  libspace.o(.bss)



==============================================================================

Memory Map of the image

  Image Entry point : 0x08000131

  Load Region LR_IROM1 (Base: 0x08000000, Size: 0x00006988, Max: 0x00080000, ABSOLUTE)

    Execution Region ER_IROM1 (Exec base: 0x08000000, Load base: 0x08000000, Size: 0x00006878, Max: 0x00080000, ABSOLUTE)

    Exec Addr    Load Addr    Size         Type   Attr      Idx    E Section Name        Object

    0x08000000   0x08000000   0x00000130   Data   RO           19    RESET               startup_stm32f10x_hd.o
    0x08000130   0x08000130   0x00000008   Code   RO         5344  * !!!main             c_w.l(__main.o)
    0x08000138   0x08000138   0x00000034   Code   RO         5582    !!!scatter          c_w.l(__scatter.o)
    0x0800016c   0x0800016c   0x0000001a   Code   RO         5584    !!handler_copy      c_w.l(__scatter_copy.o)
    0x08000186   0x08000186   0x00000002   PAD
    0x08000188   0x08000188   0x0000001c   Code   RO         5586    !!handler_zi        c_w.l(__scatter_zi.o)
    0x080001a4   0x080001a4   0x00000000   Code   RO         5341    .ARM.Collect$$_printf_percent$$00000000  c_w.l(_printf_percent.o)
    0x080001a4   0x080001a4   0x00000006   Code   RO         5340    .ARM.Collect$$_printf_percent$$00000003  c_w.l(_printf_f.o)
    0x080001aa   0x080001aa   0x00000004   Code   RO         5367    .ARM.Collect$$_printf_percent$$00000017  c_w.l(_printf_percent_end.o)
    0x080001ae   0x080001ae   0x00000002   Code   RO         5459    .ARM.Collect$$libinit$$00000000  c_w.l(libinit.o)
    0x080001b0   0x080001b0   0x00000000   Code   RO         5461    .ARM.Collect$$libinit$$00000002  c_w.l(libinit2.o)
    0x080001b0   0x080001b0   0x00000000   Code   RO         5463    .ARM.Collect$$libinit$$00000004  c_w.l(libinit2.o)
    0x080001b0   0x080001b0   0x00000000   Code   RO         5466    .ARM.Collect$$libinit$$0000000A  c_w.l(libinit2.o)
    0x080001b0   0x080001b0   0x00000000   Code   RO         5468    .ARM.Collect$$libinit$$0000000C  c_w.l(libinit2.o)
    0x080001b0   0x080001b0   0x00000000   Code   RO         5470    .ARM.Collect$$libinit$$0000000E  c_w.l(libinit2.o)
    0x080001b0   0x080001b0   0x00000006   Code   RO         5471    .ARM.Collect$$libinit$$0000000F  c_w.l(libinit2.o)
    0x080001b6   0x080001b6   0x00000000   Code   RO         5473    .ARM.Collect$$libinit$$00000011  c_w.l(libinit2.o)
    0x080001b6   0x080001b6   0x00000000   Code   RO         5475    .ARM.Collect$$libinit$$00000013  c_w.l(libinit2.o)
    0x080001b6   0x080001b6   0x00000000   Code   RO         5477    .ARM.Collect$$libinit$$00000015  c_w.l(libinit2.o)
    0x080001b6   0x080001b6   0x0000000a   Code   RO         5478    .ARM.Collect$$libinit$$00000016  c_w.l(libinit2.o)
    0x080001c0   0x080001c0   0x00000000   Code   RO         5479    .ARM.Collect$$libinit$$00000017  c_w.l(libinit2.o)
    0x080001c0   0x080001c0   0x00000000   Code   RO         5481    .ARM.Collect$$libinit$$00000019  c_w.l(libinit2.o)
    0x080001c0   0x080001c0   0x00000000   Code   RO         5483    .ARM.Collect$$libinit$$0000001B  c_w.l(libinit2.o)
    0x080001c0   0x080001c0   0x00000000   Code   RO         5485    .ARM.Collect$$libinit$$0000001D  c_w.l(libinit2.o)
    0x080001c0   0x080001c0   0x00000000   Code   RO         5487    .ARM.Collect$$libinit$$0000001F  c_w.l(libinit2.o)
    0x080001c0   0x080001c0   0x00000000   Code   RO         5489    .ARM.Collect$$libinit$$00000021  c_w.l(libinit2.o)
    0x080001c0   0x080001c0   0x00000000   Code   RO         5491    .ARM.Collect$$libinit$$00000023  c_w.l(libinit2.o)
    0x080001c0   0x080001c0   0x00000000   Code   RO         5493    .ARM.Collect$$libinit$$00000025  c_w.l(libinit2.o)
    0x080001c0   0x080001c0   0x00000000   Code   RO         5497    .ARM.Collect$$libinit$$0000002C  c_w.l(libinit2.o)
    0x080001c0   0x080001c0   0x00000000   Code   RO         5499    .ARM.Collect$$libinit$$0000002E  c_w.l(libinit2.o)
    0x080001c0   0x080001c0   0x00000000   Code   RO         5501    .ARM.Collect$$libinit$$00000030  c_w.l(libinit2.o)
    0x080001c0   0x080001c0   0x00000000   Code   RO         5503    .ARM.Collect$$libinit$$00000032  c_w.l(libinit2.o)
    0x080001c0   0x080001c0   0x00000002   Code   RO         5504    .ARM.Collect$$libinit$$00000033  c_w.l(libinit2.o)
    0x080001c2   0x080001c2   0x00000002   Code   RO         5546    .ARM.Collect$$libshutdown$$00000000  c_w.l(libshutdown.o)
    0x080001c4   0x080001c4   0x00000000   Code   RO         5565    .ARM.Collect$$libshutdown$$00000002  c_w.l(libshutdown2.o)
    0x080001c4   0x080001c4   0x00000000   Code   RO         5567    .ARM.Collect$$libshutdown$$00000004  c_w.l(libshutdown2.o)
    0x080001c4   0x080001c4   0x00000000   Code   RO         5570    .ARM.Collect$$libshutdown$$00000007  c_w.l(libshutdown2.o)
    0x080001c4   0x080001c4   0x00000000   Code   RO         5573    .ARM.Collect$$libshutdown$$0000000A  c_w.l(libshutdown2.o)
    0x080001c4   0x080001c4   0x00000000   Code   RO         5575    .ARM.Collect$$libshutdown$$0000000C  c_w.l(libshutdown2.o)
    0x080001c4   0x080001c4   0x00000000   Code   RO         5578    .ARM.Collect$$libshutdown$$0000000F  c_w.l(libshutdown2.o)
    0x080001c4   0x080001c4   0x00000002   Code   RO         5579    .ARM.Collect$$libshutdown$$00000010  c_w.l(libshutdown2.o)
    0x080001c6   0x080001c6   0x00000000   Code   RO         5358    .ARM.Collect$$rtentry$$00000000  c_w.l(__rtentry.o)
    0x080001c6   0x080001c6   0x00000000   Code   RO         5376    .ARM.Collect$$rtentry$$00000002  c_w.l(__rtentry2.o)
    0x080001c6   0x080001c6   0x00000006   Code   RO         5388    .ARM.Collect$$rtentry$$00000004  c_w.l(__rtentry4.o)
    0x080001cc   0x080001cc   0x00000000   Code   RO         5378    .ARM.Collect$$rtentry$$00000009  c_w.l(__rtentry2.o)
    0x080001cc   0x080001cc   0x00000004   Code   RO         5379    .ARM.Collect$$rtentry$$0000000A  c_w.l(__rtentry2.o)
    0x080001d0   0x080001d0   0x00000000   Code   RO         5381    .ARM.Collect$$rtentry$$0000000C  c_w.l(__rtentry2.o)
    0x080001d0   0x080001d0   0x00000008   Code   RO         5382    .ARM.Collect$$rtentry$$0000000D  c_w.l(__rtentry2.o)
    0x080001d8   0x080001d8   0x00000002   Code   RO         5505    .ARM.Collect$$rtexit$$00000000  c_w.l(rtexit.o)
    0x080001da   0x080001da   0x00000000   Code   RO         5518    .ARM.Collect$$rtexit$$00000002  c_w.l(rtexit2.o)
    0x080001da   0x080001da   0x00000004   Code   RO         5519    .ARM.Collect$$rtexit$$00000003  c_w.l(rtexit2.o)
    0x080001de   0x080001de   0x00000006   Code   RO         5520    .ARM.Collect$$rtexit$$00000004  c_w.l(rtexit2.o)
    0x080001e4   0x080001e4   0x00000040   Code   RO           20    .text               startup_stm32f10x_hd.o
    0x08000224   0x08000224   0x00000034   Code   RO         3630    .text               cpu_a.o
    0x08000258   0x08000258   0x00000002   Code   RO         5310    .text               c_w.l(use_no_semi_2.o)
    0x0800025a   0x0800025a   0x00000002   PAD
    0x0800025c   0x0800025c   0x00000018   Code   RO         5316    .text               c_w.l(noretval__2printf.o)
    0x08000274   0x08000274   0x0000010e   Code   RO         5328    .text               c_w.l(__printf_wp.o)
    0x08000382   0x08000382   0x00000006   Code   RO         5342    .text               c_w.l(heapauxi.o)
    0x08000388   0x08000388   0x00000002   Code   RO         5356    .text               c_w.l(use_no_semi.o)
    0x0800038a   0x0800038a   0x0000041e   Code   RO         5363    .text               c_w.l(_printf_fp_dec.o)
    0x080007a8   0x080007a8   0x00000024   Code   RO         5365    .text               c_w.l(_printf_char_file.o)
    0x080007cc   0x080007cc   0x00000008   Code   RO         5395    .text               c_w.l(rt_locale_intlibspace.o)
    0x080007d4   0x080007d4   0x0000008a   Code   RO         5397    .text               c_w.l(lludiv10.o)
    0x0800085e   0x0800085e   0x00000002   PAD
    0x08000860   0x08000860   0x00000030   Code   RO         5399    .text               c_w.l(_printf_char_common.o)
    0x08000890   0x08000890   0x00000080   Code   RO         5401    .text               c_w.l(_printf_fp_infnan.o)
    0x08000910   0x08000910   0x000000e4   Code   RO         5403    .text               c_w.l(bigflt0.o)
    0x080009f4   0x080009f4   0x00000008   Code   RO         5428    .text               c_w.l(ferror.o)
    0x080009fc   0x080009fc   0x00000008   Code   RO         5439    .text               c_w.l(libspace.o)
    0x08000a04   0x08000a04   0x0000004a   Code   RO         5442    .text               c_w.l(sys_stackheap_outer.o)
    0x08000a4e   0x08000a4e   0x00000012   Code   RO         5446    .text               c_w.l(exit.o)
    0x08000a60   0x08000a60   0x00000080   Code   RO         5452    .text               c_w.l(strcmpv7m.o)
    0x08000ae0   0x08000ae0   0x0000003e   Code   RO         5406    CL$$btod_d2e        c_w.l(btod.o)
    0x08000b1e   0x08000b1e   0x00000046   Code   RO         5408    CL$$btod_d2e_denorm_low  c_w.l(btod.o)
    0x08000b64   0x08000b64   0x00000060   Code   RO         5407    CL$$btod_d2e_norm_op1  c_w.l(btod.o)
    0x08000bc4   0x08000bc4   0x00000338   Code   RO         5416    CL$$btod_div_common  c_w.l(btod.o)
    0x08000efc   0x08000efc   0x000000dc   Code   RO         5413    CL$$btod_e2e        c_w.l(btod.o)
    0x08000fd8   0x08000fd8   0x0000002a   Code   RO         5410    CL$$btod_ediv       c_w.l(btod.o)
    0x08001002   0x08001002   0x0000002a   Code   RO         5409    CL$$btod_emul       c_w.l(btod.o)
    0x0800102c   0x0800102c   0x00000244   Code   RO         5415    CL$$btod_mult_common  c_w.l(btod.o)
    0x08001270   0x08001270   0x00000098   Code   RO         5158    CODE                os_cpu_a.o
    0x08001308   0x08001308   0x00000010   Code   RO         3417    i.BSP_CPU_ClkFreq   bsp.o
    0x08001318   0x08001318   0x00000004   Code   RO         3320    i.BusFault_Handler  stm32f10x_it.o
    0x0800131c   0x0800131c   0x0000000c   Code   RO         3458    i.CPU_Init          cpu_core.o
    0x08001328   0x08001328   0x00000030   Code   RO         3459    i.CPU_NameClr       cpu_core.o
    0x08001358   0x08001358   0x00000008   Code   RO         3461    i.CPU_NameInit      cpu_core.o
    0x08001360   0x08001360   0x00000014   Code   RO         3465    i.CPU_TS_Init       cpu_core.o
    0x08001374   0x08001374   0x0000000c   Code   RO         3467    i.CPU_TS_TmrFreqSet  cpu_core.o
    0x08001380   0x08001380   0x00000034   Code   RO         3419    i.CPU_TS_TmrInit    bsp.o
    0x080013b4   0x080013b4   0x0000000c   Code   RO         3420    i.CPU_TS_TmrRd      bsp.o
    0x080013c0   0x080013c0   0x00000002   Code   RO         3321    i.DebugMon_Handler  stm32f10x_it.o
    0x080013c2   0x080013c2   0x00000116   Code   RO         1258    i.GPIO_Init         stm32f10x_gpio.o
    0x080014d8   0x080014d8   0x00000004   Code   RO         1265    i.GPIO_ResetBits    stm32f10x_gpio.o
    0x080014dc   0x080014dc   0x00000004   Code   RO         1266    i.GPIO_SetBits      stm32f10x_gpio.o
    0x080014e0   0x080014e0   0x00000004   Code   RO         3322    i.HardFault_Handler  stm32f10x_it.o
    0x080014e4   0x080014e4   0x0000004c   Code   RO         3405    i.LED_Init          user_led.o
    0x08001530   0x08001530   0x00000004   Code   RO         3323    i.MemManage_Handler  stm32f10x_it.o
    0x08001534   0x08001534   0x00000012   Code   RO         3774    i.Mem_Clr           lib_mem.o
    0x08001546   0x08001546   0x00000054   Code   RO         3790    i.Mem_Set           lib_mem.o
    0x0800159a   0x0800159a   0x00000002   Code   RO         3324    i.NMI_Handler       stm32f10x_it.o
    0x0800159c   0x0800159c   0x00000070   Code   RO           24    i.NVIC_Init         misc.o
    0x0800160c   0x0800160c   0x00000014   Code   RO           25    i.NVIC_PriorityGroupConfig  misc.o
    0x08001620   0x08001620   0x000000fc   Code   RO         4043    i.OSCfg_Init        os_cfg_app.o
    0x0800171c   0x0800171c   0x00000014   Code   RO         5161    i.OSIdleTaskHook    os_cpu_c.o
    0x08001730   0x08001730   0x0000018c   Code   RO         4066    i.OSInit            os_core.o
    0x080018bc   0x080018bc   0x00000038   Code   RO         5162    i.OSInitHook        os_cpu_c.o
    0x080018f4   0x080018f4   0x0000002c   Code   RO         4067    i.OSIntEnter        os_core.o
    0x08001920   0x08001920   0x000000e4   Code   RO         4068    i.OSIntExit         os_core.o
    0x08001a04   0x08001a04   0x000000a8   Code   RO         4069    i.OSSched           os_core.o
    0x08001aac   0x08001aac   0x00000074   Code   RO         4070    i.OSSchedLock       os_core.o
    0x08001b20   0x08001b20   0x00000064   Code   RO         4071    i.OSSchedRoundRobinCfg  os_core.o
    0x08001b84   0x08001b84   0x00000094   Code   RO         4073    i.OSSchedUnlock     os_core.o
    0x08001c18   0x08001c18   0x00000068   Code   RO         4074    i.OSStart           os_core.o
    0x08001c80   0x08001c80   0x00000138   Code   RO         4766    i.OSStatReset       os_stat.o
    0x08001db8   0x08001db8   0x000000f0   Code   RO         4767    i.OSStatTaskCPUUsageInit  os_stat.o
    0x08001ea8   0x08001ea8   0x00000014   Code   RO         5163    i.OSStatTaskHook    os_cpu_c.o
    0x08001ebc   0x08001ebc   0x0000025c   Code   RO         4797    i.OSTaskCreate      os_task.o
    0x08002118   0x08002118   0x00000018   Code   RO         5164    i.OSTaskCreateHook  os_cpu_c.o
    0x08002130   0x08002130   0x000001c4   Code   RO         4798    i.OSTaskDel         os_task.o
    0x080022f4   0x080022f4   0x00000018   Code   RO         5165    i.OSTaskDelHook     os_cpu_c.o
    0x0800230c   0x0800230c   0x0000007c   Code   RO         4806    i.OSTaskResume      os_task.o
    0x08002388   0x08002388   0x00000018   Code   RO         5166    i.OSTaskReturnHook  os_cpu_c.o
    0x080023a0   0x080023a0   0x00000214   Code   RO         4807    i.OSTaskSemPend     os_task.o
    0x080025b4   0x080025b4   0x000000d4   Code   RO         4811    i.OSTaskStkChk      os_task.o
    0x08002688   0x08002688   0x000000c0   Code   RO         5167    i.OSTaskStkInit     os_cpu_c.o
    0x08002748   0x08002748   0x00000060   Code   RO         4812    i.OSTaskSuspend     os_task.o
    0x080027a8   0x080027a8   0x00000088   Code   RO         5168    i.OSTaskSwHook      os_cpu_c.o
    0x08002830   0x08002830   0x00000118   Code   RO         5012    i.OSTimeDly         os_time.o
    0x08002948   0x08002948   0x000001f0   Code   RO         5013    i.OSTimeDlyHMSM     os_time.o
    0x08002b38   0x08002b38   0x00000044   Code   RO         5017    i.OSTimeTick        os_time.o
    0x08002b7c   0x08002b7c   0x00000014   Code   RO         5169    i.OSTimeTickHook    os_cpu_c.o
    0x08002b90   0x08002b90   0x000001b0   Code   RO         4312    i.OS_Dbg_Init       os_dbg.o
    0x08002d40   0x08002d40   0x00000018   Code   RO         4337    i.OS_FlagInit       os_flag.o
    0x08002d58   0x08002d58   0x00000230   Code   RO         4338    i.OS_FlagPost       os_flag.o
    0x08002f88   0x08002f88   0x00000056   Code   RO         4339    i.OS_FlagTaskRdy    os_flag.o
    0x08002fde   0x08002fde   0x00000002   PAD
    0x08002fe0   0x08002fe0   0x00000044   Code   RO         4076    i.OS_IdleTask       os_core.o
    0x08003024   0x08003024   0x00000070   Code   RO         4077    i.OS_IdleTaskInit   os_core.o
    0x08003094   0x08003094   0x000000fc   Code   RO         4411    i.OS_IntQPost       os_int.o
    0x08003190   0x08003190   0x000001a4   Code   RO         4412    i.OS_IntQRePost     os_int.o
    0x08003334   0x08003334   0x000000b4   Code   RO         4413    i.OS_IntQTask       os_int.o
    0x080033e8   0x080033e8   0x00000128   Code   RO         4414    i.OS_IntQTaskInit   os_int.o
    0x08003510   0x08003510   0x00000018   Code   RO         4445    i.OS_MemInit        os_mem.o
    0x08003528   0x08003528   0x00000036   Code   RO         4477    i.OS_MsgPoolCreate  os_msg.o
    0x0800355e   0x0800355e   0x00000002   PAD
    0x08003560   0x08003560   0x00000054   Code   RO         4478    i.OS_MsgPoolInit    os_msg.o
    0x080035b4   0x080035b4   0x00000044   Code   RO         4479    i.OS_MsgQFreeAll    os_msg.o
    0x080035f8   0x080035f8   0x0000000e   Code   RO         4481    i.OS_MsgQInit       os_msg.o
    0x08003606   0x08003606   0x00000002   PAD
    0x08003608   0x08003608   0x000000fc   Code   RO         4482    i.OS_MsgQPut        os_msg.o
    0x08003704   0x08003704   0x00000018   Code   RO         4527    i.OS_MutexInit      os_mutex.o
    0x0800371c   0x0800371c   0x00000068   Code   RO         4078    i.OS_Pend           os_core.o
    0x08003784   0x08003784   0x00000026   Code   RO         4081    i.OS_PendDataInit   os_core.o
    0x080037aa   0x080037aa   0x00000002   PAD
    0x080037ac   0x080037ac   0x0000005c   Code   RO         4082    i.OS_PendDbgNameAdd  os_core.o
    0x08003808   0x08003808   0x00000024   Code   RO         4083    i.OS_PendDbgNameRemove  os_core.o
    0x0800382c   0x0800382c   0x00000066   Code   RO         4087    i.OS_PendListInsertPrio  os_core.o
    0x08003892   0x08003892   0x00000030   Code   RO         4088    i.OS_PendListRemove  os_core.o
    0x080038c2   0x080038c2   0x00000042   Code   RO         4089    i.OS_PendListRemove1  os_core.o
    0x08003904   0x08003904   0x000000c0   Code   RO         4092    i.OS_Post           os_core.o
    0x080039c4   0x080039c4   0x0000002a   Code   RO         4093    i.OS_Post1          os_core.o
    0x080039ee   0x080039ee   0x00000002   PAD
    0x080039f0   0x080039f0   0x00000028   Code   RO         4585    i.OS_PrioGetHighest  os_prio.o
    0x08003a18   0x08003a18   0x00000018   Code   RO         4586    i.OS_PrioInit       os_prio.o
    0x08003a30   0x08003a30   0x00000024   Code   RO         4587    i.OS_PrioInsert     os_prio.o
    0x08003a54   0x08003a54   0x00000024   Code   RO         4588    i.OS_PrioRemove     os_prio.o
    0x08003a78   0x08003a78   0x00000018   Code   RO         4631    i.OS_QInit          os_q.o
    0x08003a90   0x08003a90   0x0000014c   Code   RO         4632    i.OS_QPost          os_q.o
    0x08003bdc   0x08003bdc   0x00000024   Code   RO         4094    i.OS_RdyListInit    os_core.o
    0x08003c00   0x08003c00   0x0000002c   Code   RO         4095    i.OS_RdyListInsert  os_core.o
    0x08003c2c   0x08003c2c   0x00000040   Code   RO         4096    i.OS_RdyListInsertHead  os_core.o
    0x08003c6c   0x08003c6c   0x0000003c   Code   RO         4097    i.OS_RdyListInsertTail  os_core.o
    0x08003ca8   0x08003ca8   0x00000044   Code   RO         4098    i.OS_RdyListMoveHeadToTail  os_core.o
    0x08003cec   0x08003cec   0x0000005c   Code   RO         4099    i.OS_RdyListRemove  os_core.o
    0x08003d48   0x08003d48   0x0000005c   Code   RO         4100    i.OS_Sched0         os_core.o
    0x08003da4   0x08003da4   0x0000001c   Code   RO         4101    i.OS_SchedLockTimeMeasStart  os_core.o
    0x08003dc0   0x08003dc0   0x0000003c   Code   RO         4102    i.OS_SchedLockTimeMeasStop  os_core.o
    0x08003dfc   0x08003dfc   0x000000d0   Code   RO         4103    i.OS_SchedRoundRobin  os_core.o
    0x08003ecc   0x08003ecc   0x00000018   Code   RO         4703    i.OS_SemInit        os_sem.o
    0x08003ee4   0x08003ee4   0x00000164   Code   RO         4704    i.OS_SemPost        os_sem.o
    0x08004048   0x08004048   0x0000035c   Code   RO         4768    i.OS_StatTask       os_stat.o
    0x080043a4   0x080043a4   0x000000cc   Code   RO         4769    i.OS_StatTaskInit   os_stat.o
    0x08004470   0x08004470   0x00000038   Code   RO         4104    i.OS_TaskBlock      os_core.o
    0x080044a8   0x080044a8   0x00000030   Code   RO         4814    i.OS_TaskDbgListAdd  os_task.o
    0x080044d8   0x080044d8   0x00000044   Code   RO         4815    i.OS_TaskDbgListRemove  os_task.o
    0x0800451c   0x0800451c   0x00000020   Code   RO         4816    i.OS_TaskInit       os_task.o
    0x0800453c   0x0800453c   0x000000c8   Code   RO         4817    i.OS_TaskInitTCB    os_task.o
    0x08004604   0x08004604   0x0000020c   Code   RO         4818    i.OS_TaskQPost      os_task.o
    0x08004810   0x08004810   0x0000001c   Code   RO         4105    i.OS_TaskRdy        os_core.o
    0x0800482c   0x0800482c   0x00000140   Code   RO         4819    i.OS_TaskResume     os_task.o
    0x0800496c   0x0800496c   0x00000018   Code   RO         4820    i.OS_TaskReturn     os_task.o
    0x08004984   0x08004984   0x000004c4   Code   RO         4821    i.OS_TaskSemPost    os_task.o
    0x08004e48   0x08004e48   0x00000150   Code   RO         4822    i.OS_TaskSuspend    os_task.o
    0x08004f98   0x08004f98   0x00000028   Code   RO         4964    i.OS_TickListInit   os_tick.o
    0x08004fc0   0x08004fc0   0x000001bc   Code   RO         4965    i.OS_TickListInsert  os_tick.o
    0x0800517c   0x0800517c   0x00000038   Code   RO         4966    i.OS_TickListRemove  os_tick.o
    0x080051b4   0x080051b4   0x00000024   Code   RO         4967    i.OS_TickListResetPeak  os_tick.o
    0x080051d8   0x080051d8   0x000001f8   Code   RO         4968    i.OS_TickListUpdate  os_tick.o
    0x080053d0   0x080053d0   0x0000002c   Code   RO         4969    i.OS_TickTask       os_tick.o
    0x080053fc   0x080053fc   0x000000b8   Code   RO         4970    i.OS_TickTaskInit   os_tick.o
    0x080054b4   0x080054b4   0x00000128   Code   RO         5063    i.OS_TmrInit        os_tmr.o
    0x080055dc   0x080055dc   0x000000d0   Code   RO         5064    i.OS_TmrLink        os_tmr.o
    0x080056ac   0x080056ac   0x00000024   Code   RO         5065    i.OS_TmrResetPeak   os_tmr.o
    0x080056d0   0x080056d0   0x000000c0   Code   RO         5066    i.OS_TmrTask        os_tmr.o
    0x08005790   0x08005790   0x00000050   Code   RO         5067    i.OS_TmrUnlink      os_tmr.o
    0x080057e0   0x080057e0   0x00000020   Code   RO         1676    i.RCC_APB2PeriphClockCmd  stm32f10x_rcc.o
    0x08005800   0x08005800   0x000000d4   Code   RO         1684    i.RCC_GetClocksFreq  stm32f10x_rcc.o
    0x080058d4   0x080058d4   0x00000002   Code   RO         3325    i.SVC_Handler       stm32f10x_it.o
    0x080058d6   0x080058d6   0x00000008   Code   RO         3371    i.SetSysClock       system_stm32f10x.o
    0x080058de   0x080058de   0x00000002   PAD
    0x080058e0   0x080058e0   0x000000e0   Code   RO         3372    i.SetSysClockTo72   system_stm32f10x.o
    0x080059c0   0x080059c0   0x00000028   Code   RO           28    i.SysTick_CLKSourceConfig  misc.o
    0x080059e8   0x080059e8   0x0000001c   Code   RO         3074    i.SysTick_Handler   delay.o
    0x08005a04   0x08005a04   0x00000060   Code   RO         3374    i.SystemInit        system_stm32f10x.o
    0x08005a64   0x08005a64   0x00000090   Code   RO         3232    i.USART1_IRQHandler  usart.o
    0x08005af4   0x08005af4   0x00000018   Code   RO         2844    i.USART_Cmd         stm32f10x_usart.o
    0x08005b0c   0x08005b0c   0x00000054   Code   RO         2848    i.USART_GetITStatus  stm32f10x_usart.o
    0x08005b60   0x08005b60   0x0000004a   Code   RO         2850    i.USART_ITConfig    stm32f10x_usart.o
    0x08005baa   0x08005baa   0x00000002   PAD
    0x08005bac   0x08005bac   0x000000d8   Code   RO         2851    i.USART_Init        stm32f10x_usart.o
    0x08005c84   0x08005c84   0x0000000a   Code   RO         2858    i.USART_ReceiveData  stm32f10x_usart.o
    0x08005c8e   0x08005c8e   0x00000004   Code   RO         3326    i.UsageFault_Handler  stm32f10x_it.o
    0x08005c92   0x08005c92   0x00000028   Code   RO         5437    i.__ARM_fpclassify  m_ws.l(fpclassify.o)
    0x08005cba   0x08005cba   0x0000000e   Code   RO         5330    i._is_digit         c_w.l(__printf_wp.o)
    0x08005cc8   0x08005cc8   0x00000004   Code   RO         3233    i._sys_exit         usart.o
    0x08005ccc   0x08005ccc   0x00000070   Code   RO         3075    i.delay_init        delay.o
    0x08005d3c   0x08005d3c   0x00000050   Code   RO         3076    i.delay_ms          delay.o
    0x08005d8c   0x08005d8c   0x0000000a   Code   RO         3077    i.delay_osschedlock  delay.o
    0x08005d96   0x08005d96   0x0000000a   Code   RO         3078    i.delay_osschedunlock  delay.o
    0x08005da0   0x08005da0   0x00000010   Code   RO         3079    i.delay_ostimedly   delay.o
    0x08005db0   0x08005db0   0x0000005c   Code   RO         3080    i.delay_us          delay.o
    0x08005e0c   0x08005e0c   0x000000dc   Code   RO         3273    i.float_task        main.o
    0x08005ee8   0x08005ee8   0x0000001c   Code   RO         3234    i.fputc             usart.o
    0x08005f04   0x08005f04   0x00000044   Code   RO         3274    i.led0_task         main.o
    0x08005f48   0x08005f48   0x00000044   Code   RO         3275    i.led1_task         main.o
    0x08005f8c   0x08005f8c   0x00000100   Code   RO         3276    i.main              main.o
    0x0800608c   0x0800608c   0x00000190   Code   RO         3277    i.start_task        main.o
    0x0800621c   0x0800621c   0x000000a0   Code   RO         3235    i.uart_init         usart.o
    0x080062bc   0x080062bc   0x0000002c   Code   RO         5433    locale$$code        c_w.l(lc_numeric_c.o)
    0x080062e8   0x080062e8   0x0000000c   Code   RO         5368    x$fpl$dretinf       fz_ws.l(dretinf.o)
    0x080062f4   0x080062f4   0x00000056   Code   RO         5346    x$fpl$f2d           fz_ws.l(f2d.o)
    0x0800634a   0x0800634a   0x00000002   PAD
    0x0800634c   0x0800634c   0x000000c4   Code   RO         5348    x$fpl$fadd          fz_ws.l(faddsub_clz.o)
    0x08006410   0x08006410   0x0000008c   Code   RO         5370    x$fpl$fnaninf       fz_ws.l(fnaninf.o)
    0x0800649c   0x0800649c   0x0000000a   Code   RO         5372    x$fpl$fretinf       fz_ws.l(fretinf.o)
    0x080064a6   0x080064a6   0x00000002   PAD
    0x080064a8   0x080064a8   0x000000ea   Code   RO         5350    x$fpl$fsub          fz_ws.l(faddsub_clz.o)
    0x08006592   0x08006592   0x00000004   Code   RO         5354    x$fpl$printf1       fz_ws.l(printf1.o)
    0x08006596   0x08006596   0x00000000   Code   RO         5374    x$fpl$usenofp       fz_ws.l(usenofp.o)
    0x08006596   0x08006596   0x00000002   PAD
    0x08006598   0x08006598   0x000000a4   Data   RO         4045    .constdata          os_cfg_app.o
    0x0800663c   0x0800663c   0x0000016c   Data   RO         4313    .constdata          os_dbg.o
    0x080067a8   0x080067a8   0x00000094   Data   RO         5404    .constdata          c_w.l(bigflt0.o)
    0x0800683c   0x0800683c   0x00000020   Data   RO         5580    Region$$Table       anon$$obj.o
    0x0800685c   0x0800685c   0x0000001c   Data   RO         5432    locale$$data        c_w.l(lc_numeric_c.o)


    Execution Region RW_IRAM1 (Exec base: 0x20000000, Load base: 0x08006878, Size: 0x000034c8, Max: 0x00010000, ABSOLUTE)

    Exec Addr    Load Addr    Size         Type   Attr      Idx    E Section Name        Object

    0x20000000   0x08006878   0x00000014   Data   RW         1704    .data               stm32f10x_rcc.o
    0x20000014   0x0800688c   0x00000004   Data   RW         3081    .data               delay.o
    0x20000018   0x08006890   0x00000006   Data   RW         3237    .data               usart.o
    0x2000001e   0x08006896   0x00000002   PAD
    0x20000020   0x08006898   0x00000004   Data   RW         3279    .data               main.o
    0x20000024   0x0800689c   0x00000014   Data   RW         3375    .data               system_stm32f10x.o
    0x20000038   0x080068b0   0x00000004   Data   RW         3471    .data               cpu_core.o
    0x2000003c   0x080068b4   0x00000008   Data   RW         4589    .data               os_prio.o
    0x20000044   0x080068bc   0x000000c8   Data   RW         5145    .data               os_var.o
    0x2000010c   0x08006984   0x00000004   Data   RW         5172    .data               os_cpu_c.o
    0x20000110        -       0x000000c8   Zero   RW         3236    .bss                usart.o
    0x200001d8        -       0x00001110   Zero   RW         3278    .bss                main.o
    0x200012e8        -       0x00000010   Zero   RW         3469    .bss                cpu_core.o
    0x200012f8        -       0x00001490   Zero   RW         4044    .bss                os_cfg_app.o
    0x20002788        -       0x000006e0   Zero   RW         5144    .bss                os_var.o
    0x20002e68        -       0x00000060   Zero   RW         5440    .bss                c_w.l(libspace.o)
    0x20002ec8        -       0x00000200   Zero   RW           18    HEAP                startup_stm32f10x_hd.o
    0x200030c8        -       0x00000400   Zero   RW           17    STACK               startup_stm32f10x_hd.o


==============================================================================

Image component sizes


      Code (inc. data)   RO Data    RW Data    ZI Data      Debug   Object Name

        80         14          0          0          0       1574   bsp.o
         0          0          0          0          0       4540   core_cm3.o
        52          0          0          0          0        368   cpu_a.o
       100         18          0          4         16      12361   cpu_core.o
       348         44          0          4          0      43993   delay.o
       102          0          0          0          0       1968   lib_mem.o
      1012        170          0          4       4368       4087   main.o
       172         22          0          0          0     230237   misc.o
       252        166        164          0       5264      21170   os_cfg_app.o
      3040        424          0          0          0      21200   os_core.o
       152         32          0          0          0        428   os_cpu_a.o
       516         58          0          4          0       7224   os_cpu_c.o
       432        286        364          0          0       4949   os_dbg.o
       670         26          0          0          0       3225   os_flag.o
      1148        204          0          0          0       3662   os_int.o
        24         10          0          0          0       1021   os_mem.o
       472         26          0          0          0       3940   os_msg.o
        24         10          0          0          0       1035   os_mutex.o
       136         16          0          8          0       3046   os_prio.o
       356         18          0          0          0       2326   os_q.o
       380         16          0          0          0       2358   os_sem.o
      1616        208          0          0          0       4123   os_stat.o
      4792        256          0          0          0      13608   os_task.o
      1308        124          0          0          0       5673   os_tick.o
       844         44          0          0          0       3213   os_time.o
       812        134          0          0          0       4356   os_tmr.o
         0          0          0        200       1760      19441   os_var.o
        64         26        304          0       1536        812   startup_stm32f10x_hd.o
       286          0          0          0          0       3208   stm32f10x_gpio.o
        22          0          0          0          0       3051   stm32f10x_it.o
       244         26          0         20          0       4037   stm32f10x_rcc.o
       408          6          0          0          0       5190   stm32f10x_usart.o
       328         28          0         20          0       2321   system_stm32f10x.o
       336         26          0          6        200       4264   usart.o
        76          8          0          0          0        507   user_led.o

    ----------------------------------------------------------------------
     20618       2446        864        272      13144     448516   Object Totals
         0          0         32          0          0          0   (incl. Generated)
        14          0          0          2          0          0   (incl. Padding)

    ----------------------------------------------------------------------

      Code (inc. data)   RO Data    RW Data    ZI Data      Debug   Library Member Name

         8          0          0          0          0         68   __main.o
       284          0          0          0          0        156   __printf_wp.o
         0          0          0          0          0          0   __rtentry.o
        12          0          0          0          0          0   __rtentry2.o
         6          0          0          0          0          0   __rtentry4.o
        52          8          0          0          0          0   __scatter.o
        26          0          0          0          0          0   __scatter_copy.o
        28          0          0          0          0          0   __scatter_zi.o
        48          6          0          0          0         96   _printf_char_common.o
        36          4          0          0          0         80   _printf_char_file.o
         6          0          0          0          0          0   _printf_f.o
      1054          0          0          0          0        216   _printf_fp_dec.o
       128         16          0          0          0         84   _printf_fp_infnan.o
         0          0          0          0          0          0   _printf_percent.o
         4          0          0          0          0          0   _printf_percent_end.o
       228          4        148          0          0         96   bigflt0.o
      1936        128          0          0          0        672   btod.o
        18          0          0          0          0         80   exit.o
         8          0          0          0          0         68   ferror.o
         6          0          0          0          0        152   heapauxi.o
        44         10         28          0          0         76   lc_numeric_c.o
         2          0          0          0          0          0   libinit.o
        18          0          0          0          0          0   libinit2.o
         2          0          0          0          0          0   libshutdown.o
         2          0          0          0          0          0   libshutdown2.o
         8          4          0          0         96         68   libspace.o
       138          0          0          0          0         80   lludiv10.o
        24          4          0          0          0         84   noretval__2printf.o
         8          4          0          0          0         68   rt_locale_intlibspace.o
         2          0          0          0          0          0   rtexit.o
        10          0          0          0          0          0   rtexit2.o
       128          0          0          0          0         68   strcmpv7m.o
        74          0          0          0          0         80   sys_stackheap_outer.o
         2          0          0          0          0         68   use_no_semi.o
         2          0          0          0          0         68   use_no_semi_2.o
        12          0          0          0          0         68   dretinf.o
        86          4          0          0          0         84   f2d.o
       430          8          0          0          0        168   faddsub_clz.o
       140          4          0          0          0         84   fnaninf.o
        10          0          0          0          0         68   fretinf.o
         4          0          0          0          0         68   printf1.o
         0          0          0          0          0          0   usenofp.o
        40          0          0          0          0         68   fpclassify.o

    ----------------------------------------------------------------------
      5086        204        176          0         96       3036   Library Totals
        12          0          0          0          0          0   (incl. Padding)

    ----------------------------------------------------------------------

      Code (inc. data)   RO Data    RW Data    ZI Data      Debug   Library Name

      4352        188        176          0         96       2428   c_w.l
       682         16          0          0          0        540   fz_ws.l
        40          0          0          0          0         68   m_ws.l

    ----------------------------------------------------------------------
      5086        204        176          0         96       3036   Library Totals

    ----------------------------------------------------------------------

==============================================================================


      Code (inc. data)   RO Data    RW Data    ZI Data      Debug   

     25704       2650       1040        272      13240     442396   Grand Totals
     25704       2650       1040        272      13240     442396   ELF Image Totals
     25704       2650       1040        272          0          0   ROM Totals

==============================================================================

    Total RO  Size (Code + RO Data)                26744 (  26.12kB)
    Total RW  Size (RW Data + ZI Data)             13512 (  13.20kB)
    Total ROM Size (Code + RO Data + RW Data)      27016 (  26.38kB)

==============================================================================

